[Licensing::Module] Trying to connect to existing licensing client channel...
Built from '6000.3/staging' branch; Version is '6000.3.10f1 (e35f0c77bd8e) revision 14901004'; Using compiler version '194234433'; Build Type 'Release'
[Licensing::IpcConnector] Successfully connected to: "LicenseClient-charl" at "2026-06-08T06:00:40.1428706Z"
OS: 'Windows 11  (10.0.22631) Professional' Language: 'en' Physical Memory: 32443 MB
BatchMode: 1, IsHumanControllingUs: 0, StartBugReporterOnCrash: 0, Is64bit: 1
System  architecture: x64
Process architecture: x64
Date: 2026-06-08T06:00:40Z

COMMAND LINE ARGUMENTS:
C:\Program Files\Unity\Hub\Editor\6000.3.10f1\Editor\Unity.exe
-adb2
-batchMode
-noUpm
-name
AssetImportWorker2
-projectPath
D:/SourceCode/Git/toneyisnow/PoemLinkageUnity
-logFile
Logs/AssetImportWorker2.log
-srvPort
51815
-licensingIpc
LicenseClient-charl
-job-worker-count
7
-background-job-worker-count
8
-gc-helper-count
1
-name
AssetImport
Successfully changed project path to: D:/SourceCode/Git/toneyisnow/PoemLinkageUnity
D:/SourceCode/Git/toneyisnow/PoemLinkageUnity
[UnityMemory] Configuration Parameters - Can be set up in boot.config
    "memorysetup-temp-allocator-size-nav-mesh-worker=65536"
    "memorysetup-temp-allocator-size-audio-worker=65536"
    "memorysetup-temp-allocator-size-gfx=262144"
    "memorysetup-allocator-temp-initial-block-size-main=262144"
    "memorysetup-allocator-temp-initial-block-size-worker=262144"
    "memorysetup-temp-allocator-size-background-worker=32768"
    "memorysetup-temp-allocator-size-job-worker=262144"
    "memorysetup-temp-allocator-size-preload-manager=33554432"
    "memorysetup-temp-allocator-size-gi-baking-worker=262144"
    "memorysetup-temp-allocator-size-gi-baking-worker=262144"
    "memorysetup-temp-allocator-size-gi-baking-worker=262144"
    "memorysetup-temp-allocator-size-gi-baking-worker=262144"
    "memorysetup-temp-allocator-size-gi-baking-worker=262144"
    "memorysetup-bucket-allocator-granularity=16"
    "memorysetup-bucket-allocator-bucket-count=8"
    "memorysetup-bucket-allocator-block-size=33554432"
    "memorysetup-bucket-allocator-block-count=8"
    "memorysetup-main-allocator-block-size=16777216"
    "memorysetup-thread-allocator-block-size=16777216"
    "memorysetup-gfx-main-allocator-block-size=16777216"
    "memorysetup-gfx-thread-allocator-block-size=16777216"
    "memorysetup-cache-allocator-block-size=4194304"
    "memorysetup-typetree-allocator-block-size=2097152"
    "memorysetup-profiler-bucket-allocator-granularity=16"
    "memorysetup-profiler-bucket-allocator-bucket-count=8"
    "memorysetup-profiler-bucket-allocator-block-size=33554432"
    "memorysetup-profiler-bucket-allocator-block-count=8"
    "memorysetup-profiler-allocator-block-size=16777216"
    "memorysetup-profiler-editor-allocator-block-size=1048576"
    "memorysetup-temp-allocator-size-main=16777216"
    "memorysetup-job-temp-allocator-block-size=2097152"
    "memorysetup-job-temp-allocator-block-size-background=1048576"
    "memorysetup-job-temp-allocator-reduction-small-platforms=262144"
    "memorysetup-temp-allocator-size-cloud-worker=32768"
Player connection [82596]  Target information:

Player connection [82596]  * "[IP] 172.22.32.1 [Port] 0 [Flags] 2 [Guid] 2287388453 [EditorId] 2287388453 [Version] 1048832 [Id] WindowsEditor(7,toneyalien12) [Debug] 1 [PackageName] WindowsEditor [ProjectName] Editor" 

Player connection [82596]  * "[IP] 172.29.128.1 [Port] 0 [Flags] 2 [Guid] 2287388453 [EditorId] 2287388453 [Version] 1048832 [Id] WindowsEditor(7,toneyalien12) [Debug] 1 [PackageName] WindowsEditor [ProjectName] Editor" 

Player connection [82596]  * "[IP] 10.0.0.24 [Port] 0 [Flags] 2 [Guid] 2287388453 [EditorId] 2287388453 [Version] 1048832 [Id] WindowsEditor(7,toneyalien12) [Debug] 1 [PackageName] WindowsEditor [ProjectName] Editor" 

Player connection [82596] Host joined multi-casting on [225.0.0.222:54997]...
Player connection [82596] Host joined alternative multi-casting on [225.0.0.222:34997]...
JobSystem: Creating JobQueue using job-worker-count value 7
Input System module state changed to: Initialized.
[Physics::Module] Initialized fallback backend.
[Physics::Module] Id: 0xdecafbad
Library Redirect Path: Library/
[Physics::Module] Selected backend.
[Physics::Module] Name: PhysX
[Physics::Module] Id: 0xf2b8ea05
[Physics::Module] SDK Version: 4.1.2
[Physics::Module] Integration Version: 1.0.0
[Physics::Module] Threading Mode: Multi-Threaded
Refreshing native plugins compatible for Editor in 3.07 ms, found 3 plugins.
Preloading 0 native plugins for Editor in 0.00 ms.
Initialize engine version: 6000.3.10f1 (e35f0c77bd8e)
[Subsystems] Discovering subsystems at path C:/Program Files/Unity/Hub/Editor/6000.3.10f1/Editor/Data/Resources/UnitySubsystems
[Subsystems] Discovering subsystems at path D:/SourceCode/Git/toneyisnow/PoemLinkageUnity/Assets
GfxDevice: creating device client; kGfxThreadingModeNonThreaded
Direct3D:
    Version:  Direct3D 11.0 [level 11.1]
    Renderer: NVIDIA GeForce RTX 3060 Ti (ID=0x2489)
    Vendor:   NVIDIA
    VRAM:     8024 MB
    Driver:   32.0.15.8195
Initialize mono
Mono path[0] = 'C:/Program Files/Unity/Hub/Editor/6000.3.10f1/Editor/Data/Managed'
Mono path[1] = 'C:/Program Files/Unity/Hub/Editor/6000.3.10f1/Editor/Data/MonoBleedingEdge/lib/mono/unityjit-win32'
Mono config path = 'C:/Program Files/Unity/Hub/Editor/6000.3.10f1/Editor/Data/MonoBleedingEdge/etc'
Using monoOptions --debugger-agent=transport=dt_socket,embedding=1,server=y,suspend=n,address=127.0.0.1:56804
Begin MonoManager ReloadAssembly
Registering precompiled unity dll's ...
Register platform support module: C:/Program Files/Unity/Hub/Editor/6000.3.10f1/Editor/Data/PlaybackEngines/WindowsStandaloneSupport/UnityEditor.WindowsStandalone.Extensions.dll
Register platform support module: C:/Program Files/Unity/Hub/Editor/6000.3.10f1/Editor/Data/PlaybackEngines/LinuxStandaloneSupport/UnityEditor.LinuxStandalone.Extensions.dll
Registered in 0.011795 seconds.
- Loaded All Assemblies, in  1.174 seconds
Native extension for LinuxStandalone target not found
Native extension for WindowsStandalone target not found
Package Manager log level set to [2]
[Package Manager] Failed to launch server process. Reason: Unity was launched with the -noUpm command-line argument
[Package Manager] Unable to send message (not connected to server process).
[Package Manager] Cannot connect to Unity Package Manager local server
ScheduleIndexationOnStartup MainProcess:False IndexOnStartup:True
Mono: successfully reloaded assembly
- Finished resetting the current domain, in  1.180 seconds
Domain Reload Profiling: 2334ms
	BeginReloadAssembly (382ms)
		ExecutionOrderSort (0ms)
		DisableScriptedObjects (0ms)
		BackupInstance (0ms)
		ReleaseScriptingObjects (0ms)
		CreateAndSetChildDomain (1ms)
	RebuildCommonClasses (103ms)
	RebuildNativeTypeToScriptingClass (35ms)
	initialDomainReloadingComplete (150ms)
	LoadAllAssembliesAndSetupDomain (484ms)
		LoadAssemblies (352ms)
		RebuildTransferFunctionScriptingTraits (0ms)
		AnalyzeDomain (476ms)
			TypeCache.Refresh (473ms)
				TypeCache.ScanAssembly (440ms)
			BuildScriptInfoCaches (0ms)
			ResolveRequiredComponents (1ms)
	FinalizeReload (1181ms)
		ReleaseScriptCaches (0ms)
		RebuildScriptCaches (0ms)
		SetupLoadedEditorAssemblies (1091ms)
			LogAssemblyErrors (0ms)
			InitializePlatformSupportModulesInManaged (234ms)
			SetLoadedEditorAssemblies (11ms)
			BeforeProcessingInitializeOnLoad (244ms)
			ProcessInitializeOnLoadAttributes (434ms)
			ProcessInitializeOnLoadMethodAttributes (168ms)
			AfterProcessingInitializeOnLoad (0ms)
			EditorAssembliesLoaded (0ms)
		ExecutionOrderSort2 (0ms)
		AwakeInstancesAfterBackupRestoration (0ms)
========================================================================
Worker process is ready to serve import requests
Import Worker Mode flag is 0x00
[Licensing::Client] Handshaking with LicensingClient:
  Version:                 1.17.4+4293ba1
  Session Id:              a454414793fb44b986cefe05694c9837
  Correlation Id:          cd8d914c34d5ad5c9308613dce3c48c2
  External correlation Id: 4013912968908578914
  Machine Id:              f3hYRrIusrAsabALBTt3IpKAa8I=
[Licensing::Module] Successfully connected to LicensingClient on channel: "LicenseClient-charl" (connect: 0.00s, validation: 0.01s, handshake: 5.68s)
[Licensing::IpcConnector] Successfully connected to: "LicenseClient-charl-notifications" at "2026-06-08T06:00:45.8376742Z"
[Licensing::Module] Licensing Background thread has ended after 5.70s
Begin MonoManager ReloadAssembly
[Licensing::Client] Successfully resolved entitlement details
[Licensing::Module] License group:
  Id: F4-FP9S-NKPM-H84K-Q8N7-XXXX
  Product: Unity Personal
  Type: ULF
  Expiration: Unlimited
[Licensing::Module] License group:
  Id: 6614505-UnityPersXXXX
  Product: Unity Personal
  Type: Assigned
  Expiration: Unlimited
Assembly 'Assets/codeandweb.com/Editor/TexturePackerImporter.dll' will not be loaded due to errors:
Assembly name 'TPImporter' does not match file name 'TexturePackerImporter'
- Loaded All Assemblies, in  2.152 seconds
Refreshing native plugins compatible for Editor in 1.87 ms, found 3 plugins.
Native extension for LinuxStandalone target not found
Native extension for WindowsStandalone target not found
[Package Manager] Failed to launch server process. Reason: Unity was launched with the -noUpm command-line argument
[Package Manager] Unable to send message (not connected to server process).
[Package Manager] Cannot connect to Unity Package Manager local server
ScheduleIndexationOnStartup MainProcess:False IndexOnStartup:True
Mono: successfully reloaded assembly
- Finished resetting the current domain, in  1.718 seconds
Domain Reload Profiling: 3827ms
	BeginReloadAssembly (563ms)
		ExecutionOrderSort (0ms)
		DisableScriptedObjects (12ms)
		BackupInstance (0ms)
		ReleaseScriptingObjects (0ms)
		CreateAndSetChildDomain (77ms)
	RebuildCommonClasses (81ms)
	RebuildNativeTypeToScriptingClass (29ms)
	initialDomainReloadingComplete (149ms)
	LoadAllAssembliesAndSetupDomain (1287ms)
		LoadAssemblies (1226ms)
		RebuildTransferFunctionScriptingTraits (0ms)
		AnalyzeDomain (407ms)
			TypeCache.Refresh (334ms)
				TypeCache.ScanAssembly (306ms)
			BuildScriptInfoCaches (60ms)
			ResolveRequiredComponents (6ms)
	FinalizeReload (1719ms)
		ReleaseScriptCaches (0ms)
		RebuildScriptCaches (0ms)
		SetupLoadedEditorAssemblies (1481ms)
			LogAssemblyErrors (0ms)
			InitializePlatformSupportModulesInManaged (27ms)
			SetLoadedEditorAssemblies (9ms)
			BeforeProcessingInitializeOnLoad (507ms)
			ProcessInitializeOnLoadAttributes (742ms)
			ProcessInitializeOnLoadMethodAttributes (142ms)
			AfterProcessingInitializeOnLoad (54ms)
			EditorAssembliesLoaded (0ms)
		ExecutionOrderSort2 (0ms)
		AwakeInstancesAfterBackupRestoration (26ms)
Launched and connected shader compiler UnityShaderCompiler.exe after 0.03 seconds
Refreshing native plugins compatible for Editor in 1.98 ms, found 3 plugins.
Preloading 0 native plugins for Editor in 0.00 ms.
Unloading 0 Unused Serialized files (Serialized files now loaded: 0)
Unloading 2973 unused Assets / (1.0 MB). Loaded Objects now: 3579.
Memory consumption went from 93.3 MB to 92.3 MB.
Total: 17.044200 ms (FindLiveObjects: 0.459300 ms CreateObjectMapping: 0.680100 ms MarkObjects: 13.768000 ms  DeleteObjects: 2.134900 ms)

========================================================================
Received Import Request.
  Time since last request: 631708.138906 seconds.
  path: Assets/csc.rsp
  artifactKey: Guid(8c6e9a9924678cb4fbfe6446a833e30f) Importer(2089858483,b0f066a214c2f5e87bad3c948f4d605d)
Start importing Assets/csc.rsp using Guid(8c6e9a9924678cb4fbfe6446a833e30f) Importer(2089858483,b0f066a214c2f5e87bad3c948f4d605d) (ScriptedImporter) -> (artifact id: '08d39319c48e02c64c7ea2723b43e3ea') in 0.1016826 seconds
Number of updated asset objects reloaded before import = 0Number of asset objects unloaded after import = 1

========================================================================
Received Import Request.
  Time since last request: 0.000031 seconds.
  path: Assets/Plugins/Newtonsoft.Json.xml
  artifactKey: Guid(2e6c8577ebe49de4baedcf647777ebea) Importer(2089858483,b0f066a214c2f5e87bad3c948f4d605d)
Start importing Assets/Plugins/Newtonsoft.Json.xml using Guid(2e6c8577ebe49de4baedcf647777ebea) Importer(2089858483,b0f066a214c2f5e87bad3c948f4d605d) (ScriptedImporter) -> (artifact id: '9e6f6deba6e1961553f4df376c51bd62') in 0.0088255 seconds
Number of updated asset objects reloaded before import = 0Number of asset objects unloaded after import = 1

========================================================================
Received Import Request.
  Time since last request: 0.000056 seconds.
  path: Assets/Images/background/stage-x20-bg-s.png
  artifactKey: Guid(ed916ee7d6ad3424192df47ea34f0b17) Importer(2089858483,b0f066a214c2f5e87bad3c948f4d605d)
Start importing Assets/Images/background/stage-x20-bg-s.png using Guid(ed916ee7d6ad3424192df47ea34f0b17) Importer(2089858483,b0f066a214c2f5e87bad3c948f4d605d) (ScriptedImporter) -> (artifact id: 'ddd887e056e35b2b73f68aee40ef99d2') in 0.2040357 seconds
Number of updated asset objects reloaded before import = 0Number of asset objects unloaded after import = 3

========================================================================
Received Import Request.
  Time since last request: 0.000034 seconds.
  path: Assets/Images/stage/stage-002-grey.png
  artifactKey: Guid(b4c0defd9bb03d64bb3106d53e1c1ab9) Importer(2089858483,b0f066a214c2f5e87bad3c948f4d605d)
Start importing Assets/Images/stage/stage-002-grey.png using Guid(b4c0defd9bb03d64bb3106d53e1c1ab9) Importer(2089858483,b0f066a214c2f5e87bad3c948f4d605d) (ScriptedImporter) -> (artifact id: '05524a6f83886c29a14060f0c8e05d70') in 0.0299973 seconds
Number of updated asset objects reloaded before import = 0Number of asset objects unloaded after import = 3

========================================================================
Received Import Request.
  Time since last request: 0.000087 seconds.
  path: Assets/Images/app/screenshot1.png
  artifactKey: Guid(d81a6dd69c98e4c4d81364d4150540ed) Importer(2089858483,b0f066a214c2f5e87bad3c948f4d605d)
Start importing Assets/Images/app/screenshot1.png using Guid(d81a6dd69c98e4c4d81364d4150540ed) Importer(2089858483,b0f066a214c2f5e87bad3c948f4d605d) (ScriptedImporter) -> (artifact id: '328fe4b88a5fac77a4fd50796fc1c750') in 0.0261844 seconds
Number of updated asset objects reloaded before import = 0Number of asset objects unloaded after import = 1

========================================================================
Received Import Request.
  Time since last request: 0.000146 seconds.
  path: Assets/Images/control/puzzle-panel-medium.png
  artifactKey: Guid(e736bb6f73494c34988688ebbc61c2ab) Importer(2089858483,b0f066a214c2f5e87bad3c948f4d605d)
Start importing Assets/Images/control/puzzle-panel-medium.png using Guid(e736bb6f73494c34988688ebbc61c2ab) Importer(2089858483,b0f066a214c2f5e87bad3c948f4d605d) (ScriptedImporter) -> (artifact id: 'f97ae58783ad913105787397281740d7') in 0.0311016 seconds
Number of updated asset objects reloaded before import = 0Number of asset objects unloaded after import = 3

========================================================================
Received Import Request.
  Time since last request: 0.000024 seconds.
  path: Assets/Images/app/intro4.mp4
  artifactKey: Guid(cd67430889436e94cac75106ea090cce) Importer(2089858483,b0f066a214c2f5e87bad3c948f4d605d)
Start importing Assets/Images/app/intro4.mp4 using Guid(cd67430889436e94cac75106ea090cce) Importer(2089858483,b0f066a214c2f5e87bad3c948f4d605d) (ScriptedImporter) -> (artifact id: '312339ab0407a9ad3c6dfa4ba012ba36') in 0.0196795 seconds
Number of updated asset objects reloaded before import = 0Number of asset objects unloaded after import = 1

========================================================================
Received Import Request.
  Time since last request: 0.000106 seconds.
  path: Assets/Images/control/frame.png
  artifactKey: Guid(98ff8e4e21865a346a6c99c6ce1e746e) Importer(2089858483,b0f066a214c2f5e87bad3c948f4d605d)
Start importing Assets/Images/control/frame.png using Guid(98ff8e4e21865a346a6c99c6ce1e746e) Importer(2089858483,b0f066a214c2f5e87bad3c948f4d605d) (ScriptedImporter) -> (artifact id: '986a984677a0bfd0f1be6f0b41d447b1') in 0.0286566 seconds
Number of updated asset objects reloaded before import = 0Number of asset objects unloaded after import = 3

========================================================================
Received Import Request.
  Time since last request: 0.000034 seconds.
  path: Assets/Images/stage/stage-002-full.png
  artifactKey: Guid(aad71071282efdb4d8b24f1b9034c3c6) Importer(2089858483,b0f066a214c2f5e87bad3c948f4d605d)
Start importing Assets/Images/stage/stage-002-full.png using Guid(aad71071282efdb4d8b24f1b9034c3c6) Importer(2089858483,b0f066a214c2f5e87bad3c948f4d605d) (ScriptedImporter) -> (artifact id: '2b38da6ebf49a64becbeac92af7b87ba') in 0.0379205 seconds
Number of updated asset objects reloaded before import = 0Number of asset objects unloaded after import = 3

========================================================================
Received Import Request.
  Time since last request: 0.000028 seconds.
  path: Assets/Prefabs/StagePreview.prefab
  artifactKey: Guid(19ae2008a5190634c8a5e4336fe033ee) Importer(2089858483,b0f066a214c2f5e87bad3c948f4d605d)
Start importing Assets/Prefabs/StagePreview.prefab using Guid(19ae2008a5190634c8a5e4336fe033ee) Importer(2089858483,b0f066a214c2f5e87bad3c948f4d605d) (ScriptedImporter) -> (artifact id: '9f9bd16a0a917f64c409c036263e6648') in 0.0364739 seconds
Number of updated asset objects reloaded before import = 0Number of asset objects unloaded after import = 32

========================================================================
Received Import Request.
  Time since last request: 0.000029 seconds.
  path: Assets/Resources/images/stage_102_full.png
  artifactKey: Guid(632ec922635d7a043b5e49b7576803e0) Importer(2089858483,b0f066a214c2f5e87bad3c948f4d605d)
Start importing Assets/Resources/images/stage_102_full.png using Guid(632ec922635d7a043b5e49b7576803e0) Importer(2089858483,b0f066a214c2f5e87bad3c948f4d605d) (ScriptedImporter) -> (artifact id: '154322004cd530f2c3472dab59bb4ff0') in 0.0212299 seconds
Number of updated asset objects reloaded before import = 0Number of asset objects unloaded after import = 1

========================================================================
Received Import Request.
  Time since last request: 0.000091 seconds.
  path: Assets/Resources/images/stage_102_poem.png
  artifactKey: Guid(0e7c837f964715644afe5cf252238ffe) Importer(2089858483,b0f066a214c2f5e87bad3c948f4d605d)
Start importing Assets/Resources/images/stage_102_poem.png using Guid(0e7c837f964715644afe5cf252238ffe) Importer(2089858483,b0f066a214c2f5e87bad3c948f4d605d) (ScriptedImporter) -> (artifact id: '8815ae1b99aaf37e23d7789b1b9f575a') in 0.0181263 seconds
Number of updated asset objects reloaded before import = 0Number of asset objects unloaded after import = 1

========================================================================
Received Import Request.
  Time since last request: 0.000131 seconds.
  path: Assets/Images/background/welcome-bg-s.png
  artifactKey: Guid(0ec53d9f799e19b4bbba8a5b33ac5f1f) Importer(2089858483,b0f066a214c2f5e87bad3c948f4d605d)
Start importing Assets/Images/background/welcome-bg-s.png using Guid(0ec53d9f799e19b4bbba8a5b33ac5f1f) Importer(2089858483,b0f066a214c2f5e87bad3c948f4d605d) (ScriptedImporter) -> (artifact id: 'ff9d4c2c5b73d56eb561f0c1df63283f') in 0.0320915 seconds
Number of updated asset objects reloaded before import = 0Number of asset objects unloaded after import = 3

========================================================================
Received Import Request.
  Time since last request: 0.000025 seconds.
  path: Assets/codeandweb.com/Editor/UIImageSetSizeAndPivot.cs
  artifactKey: Guid(42e758789cf459a4fa2f9391f5d3431a) Importer(2089858483,b0f066a214c2f5e87bad3c948f4d605d)
Start importing Assets/codeandweb.com/Editor/UIImageSetSizeAndPivot.cs using Guid(42e758789cf459a4fa2f9391f5d3431a) Importer(2089858483,b0f066a214c2f5e87bad3c948f4d605d) (ScriptedImporter) -> (artifact id: 'b3ee1c6ac1dfde42433801a538e15bf1') in 0.0083719 seconds
Number of updated asset objects reloaded before import = 0Number of asset objects unloaded after import = 0

========================================================================
Received Import Request.
  Time since last request: 0.000095 seconds.
  path: Assets/Shaders/GrayMaterial.mat
  artifactKey: Guid(25095bff8a9ca1c479f673513a45695b) Importer(2089858483,b0f066a214c2f5e87bad3c948f4d605d)
Start importing Assets/Shaders/GrayMaterial.mat using Guid(25095bff8a9ca1c479f673513a45695b) Importer(2089858483,b0f066a214c2f5e87bad3c948f4d605d) (ScriptedImporter) -> (artifact id: 'df83d45da99db0ca45040d089e562377') in 0.0182044 seconds
Number of updated asset objects reloaded before import = 0Number of asset objects unloaded after import = 1

========================================================================
Received Import Request.
  Time since last request: 0.000047 seconds.
  path: Assets/Images/background/stage_101_full.png
  artifactKey: Guid(1d460762b0c10ae42b84b9ef78f50eb1) Importer(2089858483,b0f066a214c2f5e87bad3c948f4d605d)
Start importing Assets/Images/background/stage_101_full.png using Guid(1d460762b0c10ae42b84b9ef78f50eb1) Importer(2089858483,b0f066a214c2f5e87bad3c948f4d605d) (ScriptedImporter) -> (artifact id: 'd383f2da89f777f838a21497d30106ab') in 0.0268284 seconds
Number of updated asset objects reloaded before import = 0Number of asset objects unloaded after import = 1

========================================================================
Received Import Request.
  Time since last request: 0.000296 seconds.
  path: Assets/Images/background/stage-002-bg-s.png
  artifactKey: Guid(0d91d5cb28219ca4199932f78a12d461) Importer(2089858483,b0f066a214c2f5e87bad3c948f4d605d)
Start importing Assets/Images/background/stage-002-bg-s.png using Guid(0d91d5cb28219ca4199932f78a12d461) Importer(2089858483,b0f066a214c2f5e87bad3c948f4d605d) (ScriptedImporter) -> (artifact id: '40ff26deb7195b9c3797cac7ba9bf9d7') in 0.0335703 seconds
Number of updated asset objects reloaded before import = 0Number of asset objects unloaded after import = 3

========================================================================
Received Import Request.
  Time since last request: 0.000030 seconds.
  path: Assets/Resources/images/stage_104_poem.png
  artifactKey: Guid(6020d9598dccdde47ac0c2433b290a2c) Importer(2089858483,b0f066a214c2f5e87bad3c948f4d605d)
Start importing Assets/Resources/images/stage_104_poem.png using Guid(6020d9598dccdde47ac0c2433b290a2c) Importer(2089858483,b0f066a214c2f5e87bad3c948f4d605d) (ScriptedImporter) -> (artifact id: '5beb64a9f2d148b52b1260c38965c928') in 0.0246657 seconds
Number of updated asset objects reloaded before import = 0Number of asset objects unloaded after import = 1

========================================================================
Received Import Request.
  Time since last request: 0.000149 seconds.
  path: Assets/Plugins/MongoDB.Bson.xml
  artifactKey: Guid(707d567f6aba1464fa7924bc6975f2b3) Importer(2089858483,b0f066a214c2f5e87bad3c948f4d605d)
Start importing Assets/Plugins/MongoDB.Bson.xml using Guid(707d567f6aba1464fa7924bc6975f2b3) Importer(2089858483,b0f066a214c2f5e87bad3c948f4d605d) (ScriptedImporter) -> (artifact id: '89a908ccf0368df2a6bc261c0061f9f2') in 0.0087276 seconds
Number of updated asset objects reloaded before import = 0Number of asset objects unloaded after import = 1

========================================================================
Received Import Request.
  Time since last request: 0.000102 seconds.
  path: Assets/codeandweb.com/Editor/TexturePackerImporter.dll
  artifactKey: Guid(a83c7582cf2c4474ab52a470563faf24) Importer(2089858483,b0f066a214c2f5e87bad3c948f4d605d)
Start importing Assets/codeandweb.com/Editor/TexturePackerImporter.dll using Guid(a83c7582cf2c4474ab52a470563faf24) Importer(2089858483,b0f066a214c2f5e87bad3c948f4d605d) (ScriptedImporter) -> (artifact id: 'd7282e78c5035599c8cced99dc4bb8a2') in 0.0177133 seconds
Number of updated asset objects reloaded before import = 0Number of asset objects unloaded after import = 0

========================================================================
Received Import Request.
  Time since last request: 0.000152 seconds.
  path: Assets/Shaders/GreyScale.shader
  artifactKey: Guid(8c0dbc112d9a03e469ace59e8ee2d7c5) Importer(2089858483,b0f066a214c2f5e87bad3c948f4d605d)
Start importing Assets/Shaders/GreyScale.shader using Guid(8c0dbc112d9a03e469ace59e8ee2d7c5) Importer(2089858483,b0f066a214c2f5e87bad3c948f4d605d) (ScriptedImporter) -> (artifact id: '966bfffd11503df15fb886e56ce5742e') in 0.0186856 seconds
Number of updated asset objects reloaded before import = 0Number of asset objects unloaded after import = 1

========================================================================
Received Import Request.
  Time since last request: 0.000078 seconds.
  path: Assets/Scenes/SelectCategoryScene.unity
  artifactKey: Guid(f5019825d92867944b0a2066b89afb9e) Importer(2089858483,b0f066a214c2f5e87bad3c948f4d605d)
Start importing Assets/Scenes/SelectCategoryScene.unity using Guid(f5019825d92867944b0a2066b89afb9e) Importer(2089858483,b0f066a214c2f5e87bad3c948f4d605d) (ScriptedImporter) -> (artifact id: '19cc6a14a0db749dbe6841f1132df415') in 0.0105037 seconds
Number of updated asset objects reloaded before import = 0Number of asset objects unloaded after import = 1

========================================================================
Received Import Request.
  Time since last request: 0.000264 seconds.
  path: Assets/Images/app/icon_180.png
  artifactKey: Guid(959f690eed09da243a699246e3ad4dae) Importer(2089858483,b0f066a214c2f5e87bad3c948f4d605d)
Start importing Assets/Images/app/icon_180.png using Guid(959f690eed09da243a699246e3ad4dae) Importer(2089858483,b0f066a214c2f5e87bad3c948f4d605d) (ScriptedImporter) -> (artifact id: '13681e587d10f1f0d1816769c732514a') in 0.0234235 seconds
Number of updated asset objects reloaded before import = 0Number of asset objects unloaded after import = 1

========================================================================
Received Import Request.
  Time since last request: 0.000072 seconds.
  path: Assets/Images/app/screenshot4.png
  artifactKey: Guid(c9e9a4cf29999344eba699488a204888) Importer(2089858483,b0f066a214c2f5e87bad3c948f4d605d)
Start importing Assets/Images/app/screenshot4.png using Guid(c9e9a4cf29999344eba699488a204888) Importer(2089858483,b0f066a214c2f5e87bad3c948f4d605d) (ScriptedImporter) -> (artifact id: '0f1255583eeee3eed64ab38b0678f852') in 0.0265499 seconds
Number of updated asset objects reloaded before import = 0Number of asset objects unloaded after import = 1

========================================================================
Received Import Request.
  Time since last request: 0.000026 seconds.
  path: Assets/Resources/images/stage_103_poem.png
  artifactKey: Guid(431d6940c12a06340b1c24f7e7dbca01) Importer(2089858483,b0f066a214c2f5e87bad3c948f4d605d)
Start importing Assets/Resources/images/stage_103_poem.png using Guid(431d6940c12a06340b1c24f7e7dbca01) Importer(2089858483,b0f066a214c2f5e87bad3c948f4d605d) (ScriptedImporter) -> (artifact id: '1d31d3a9083da64be06017e254fd8696') in 0.0199292 seconds
Number of updated asset objects reloaded before import = 0Number of asset objects unloaded after import = 1

========================================================================
Received Import Request.
  Time since last request: 0.000072 seconds.
  path: Assets/Resources/images/category-title-1.png
  artifactKey: Guid(4115507f7376acd41ada38813066871f) Importer(2089858483,b0f066a214c2f5e87bad3c948f4d605d)
Start importing Assets/Resources/images/category-title-1.png using Guid(4115507f7376acd41ada38813066871f) Importer(2089858483,b0f066a214c2f5e87bad3c948f4d605d) (ScriptedImporter) -> (artifact id: '6a22aad590e083887563ecf590ee1ccb') in 0.0232445 seconds
Number of updated asset objects reloaded before import = 0Number of asset objects unloaded after import = 1

========================================================================
Received Import Request.
  Time since last request: 0.000074 seconds.
  path: Assets/Images/control/connect-line-horizon.png
  artifactKey: Guid(1c516dc3002f4b0458126ac05a79e765) Importer(2089858483,b0f066a214c2f5e87bad3c948f4d605d)
Start importing Assets/Images/control/connect-line-horizon.png using Guid(1c516dc3002f4b0458126ac05a79e765) Importer(2089858483,b0f066a214c2f5e87bad3c948f4d605d) (ScriptedImporter) -> (artifact id: 'ddce4568d20d9c62cc55fc31ff48754a') in 0.0246467 seconds
Number of updated asset objects reloaded before import = 0Number of asset objects unloaded after import = 3

========================================================================
Received Import Request.
  Time since last request: 0.000020 seconds.
  path: Assets/Resources/images/stage_103_pre.png
  artifactKey: Guid(5005709f75e53874e9440b909303abe3) Importer(2089858483,b0f066a214c2f5e87bad3c948f4d605d)
Start importing Assets/Resources/images/stage_103_pre.png using Guid(5005709f75e53874e9440b909303abe3) Importer(2089858483,b0f066a214c2f5e87bad3c948f4d605d) (ScriptedImporter) -> (artifact id: '47f8f4c583f2e5181087a0a45d8c4073') in 0.0211141 seconds
Number of updated asset objects reloaded before import = 0Number of asset objects unloaded after import = 1

========================================================================
Received Import Request.
  Time since last request: 0.000072 seconds.
  path: Assets/Images/app/icon_1024.png
  artifactKey: Guid(29df89df5cf872e4bbf5421083ae775d) Importer(2089858483,b0f066a214c2f5e87bad3c948f4d605d)
Start importing Assets/Images/app/icon_1024.png using Guid(29df89df5cf872e4bbf5421083ae775d) Importer(2089858483,b0f066a214c2f5e87bad3c948f4d605d) (ScriptedImporter) -> (artifact id: '512572b5432c8781dece71836eb3554e') in 0.0200368 seconds
Number of updated asset objects reloaded before import = 0Number of asset objects unloaded after import = 1

========================================================================
Received Import Request.
  Time since last request: 0.000105 seconds.
  path: Assets/Images/background/stage-x14-bg-s.png
  artifactKey: Guid(ddfa41fd985c724488a126d60a76a5f1) Importer(2089858483,b0f066a214c2f5e87bad3c948f4d605d)
Start importing Assets/Images/background/stage-x14-bg-s.png using Guid(ddfa41fd985c724488a126d60a76a5f1) Importer(2089858483,b0f066a214c2f5e87bad3c948f4d605d) (ScriptedImporter) -> (artifact id: '7e71588a5e32347f9c5491d838b6393b') in 0.0387662 seconds
Number of updated asset objects reloaded before import = 0Number of asset objects unloaded after import = 3

========================================================================
Received Import Request.
  Time since last request: 0.000026 seconds.
  path: Assets/Resources/images/stage_105_pre.png
  artifactKey: Guid(bf62f63d8ebe5bc438b02efea5d81a1d) Importer(2089858483,b0f066a214c2f5e87bad3c948f4d605d)
Start importing Assets/Resources/images/stage_105_pre.png using Guid(bf62f63d8ebe5bc438b02efea5d81a1d) Importer(2089858483,b0f066a214c2f5e87bad3c948f4d605d) (ScriptedImporter) -> (artifact id: '857e74b1416fd5bc43e41dc4e8d89e3c') in 0.0171959 seconds
Number of updated asset objects reloaded before import = 0Number of asset objects unloaded after import = 1

========================================================================
Received Import Request.
  Time since last request: 0.000056 seconds.
  path: Assets/Images/stage/stage-106-s.png
  artifactKey: Guid(4c913bac01bdd74448270363b94540c3) Importer(2089858483,b0f066a214c2f5e87bad3c948f4d605d)
Start importing Assets/Images/stage/stage-106-s.png using Guid(4c913bac01bdd74448270363b94540c3) Importer(2089858483,b0f066a214c2f5e87bad3c948f4d605d) (ScriptedImporter) -> (artifact id: '223d3bbe6ffb324970425c2e06c5ae4a') in 0.0217624 seconds
Number of updated asset objects reloaded before import = 0Number of asset objects unloaded after import = 1

========================================================================
Received Import Request.
  Time since last request: 0.000051 seconds.
  path: Assets/Resources/images/stage_305_full.png
  artifactKey: Guid(10c1a846a73bfa54f923e6f0c96e0404) Importer(2089858483,b0f066a214c2f5e87bad3c948f4d605d)
Start importing Assets/Resources/images/stage_305_full.png using Guid(10c1a846a73bfa54f923e6f0c96e0404) Importer(2089858483,b0f066a214c2f5e87bad3c948f4d605d) (ScriptedImporter) -> (artifact id: '30a13f7ac3c926daf5f636735a0db2d4') in 0.0236853 seconds
Number of updated asset objects reloaded before import = 0Number of asset objects unloaded after import = 1

========================================================================
Received Import Request.
  Time since last request: 0.000067 seconds.
  path: Assets/Resources/images/stage_309_full.png
  artifactKey: Guid(c05412ef32e7b4a4386c76784430b963) Importer(2089858483,b0f066a214c2f5e87bad3c948f4d605d)
Start importing Assets/Resources/images/stage_309_full.png using Guid(c05412ef32e7b4a4386c76784430b963) Importer(2089858483,b0f066a214c2f5e87bad3c948f4d605d) (ScriptedImporter) -> (artifact id: '938ba3a698340903a34a2d1e977d8a41') in 0.0204573 seconds
Number of updated asset objects reloaded before import = 0Number of asset objects unloaded after import = 1

========================================================================
Received Import Request.
  Time since last request: 0.000040 seconds.
  path: Assets/Resources/images/stage_305_poem.png
  artifactKey: Guid(69d1b8ee16dbf7c48af10abbe22b3e7e) Importer(2089858483,b0f066a214c2f5e87bad3c948f4d605d)
Start importing Assets/Resources/images/stage_305_poem.png using Guid(69d1b8ee16dbf7c48af10abbe22b3e7e) Importer(2089858483,b0f066a214c2f5e87bad3c948f4d605d) (ScriptedImporter) -> (artifact id: 'a62b744c723f4a08848e08ae7e4bf986') in 0.0226288 seconds
Number of updated asset objects reloaded before import = 0Number of asset objects unloaded after import = 1

========================================================================
Received Import Request.
  Time since last request: 0.000128 seconds.
  path: Assets/Resources/images/stage_301_poem.png
  artifactKey: Guid(9b9fe0535814d1647a1ca1be26bf50a3) Importer(2089858483,b0f066a214c2f5e87bad3c948f4d605d)
Start importing Assets/Resources/images/stage_301_poem.png using Guid(9b9fe0535814d1647a1ca1be26bf50a3) Importer(2089858483,b0f066a214c2f5e87bad3c948f4d605d) (ScriptedImporter) -> (artifact id: '96877d2b2337081a837457a76d14c592') in 0.0237523 seconds
Number of updated asset objects reloaded before import = 0Number of asset objects unloaded after import = 1

========================================================================
Received Import Request.
  Time since last request: 0.000096 seconds.
  path: Assets/Resources/images/stage_109_poem.png
  artifactKey: Guid(64237d46a0a9db1469c1d47402eedb6a) Importer(2089858483,b0f066a214c2f5e87bad3c948f4d605d)
Start importing Assets/Resources/images/stage_109_poem.png using Guid(64237d46a0a9db1469c1d47402eedb6a) Importer(2089858483,b0f066a214c2f5e87bad3c948f4d605d) (ScriptedImporter) -> (artifact id: 'ab74ca235676879a375fdf44dc235214') in 0.0198814 seconds
Number of updated asset objects reloaded before import = 0Number of asset objects unloaded after import = 1

========================================================================
Received Import Request.
  Time since last request: 0.000103 seconds.
  path: Assets/Resources/images/stage_108_pre.png
  artifactKey: Guid(63132563f1ae88142b56f879d30b6241) Importer(2089858483,b0f066a214c2f5e87bad3c948f4d605d)
Start importing Assets/Resources/images/stage_108_pre.png using Guid(63132563f1ae88142b56f879d30b6241) Importer(2089858483,b0f066a214c2f5e87bad3c948f4d605d) (ScriptedImporter) -> (artifact id: '6cf7a45d4b4652b82c24ff16c50ede24') in 0.0195993 seconds
Number of updated asset objects reloaded before import = 0Number of asset objects unloaded after import = 1

========================================================================
Received Import Request.
  Time since last request: 0.000497 seconds.
  path: Assets/Resources/images/stage_306_pre.png
  artifactKey: Guid(f4b1e1f9cc326fe46a1e83758a2ed2d0) Importer(2089858483,b0f066a214c2f5e87bad3c948f4d605d)
Start importing Assets/Resources/images/stage_306_pre.png using Guid(f4b1e1f9cc326fe46a1e83758a2ed2d0) Importer(2089858483,b0f066a214c2f5e87bad3c948f4d605d) (ScriptedImporter) -> (artifact id: 'b8f49064682112a778adf93b40083598') in 0.0271935 seconds
Number of updated asset objects reloaded before import = 0Number of asset objects unloaded after import = 1

========================================================================
Received Import Request.
  Time since last request: 0.000158 seconds.
  path: Assets/Resources/images/stage_304_pre.png
  artifactKey: Guid(1662e7d42746b6841b47e4e5f4feb048) Importer(2089858483,b0f066a214c2f5e87bad3c948f4d605d)
Start importing Assets/Resources/images/stage_304_pre.png using Guid(1662e7d42746b6841b47e4e5f4feb048) Importer(2089858483,b0f066a214c2f5e87bad3c948f4d605d) (ScriptedImporter) -> (artifact id: '13ab1a1c9471fae5ba9323774628369d') in 0.0195868 seconds
Number of updated asset objects reloaded before import = 0Number of asset objects unloaded after import = 1

========================================================================
Received Import Request.
  Time since last request: 0.000089 seconds.
  path: Assets/Resources/images/stage_207_full.png
  artifactKey: Guid(936f35677f08bbc4b8f30fcf9c0ad827) Importer(2089858483,b0f066a214c2f5e87bad3c948f4d605d)
Start importing Assets/Resources/images/stage_207_full.png using Guid(936f35677f08bbc4b8f30fcf9c0ad827) Importer(2089858483,b0f066a214c2f5e87bad3c948f4d605d) (ScriptedImporter) -> (artifact id: 'fa8ad39e0c88f726b861b51843ea3d70') in 0.0239275 seconds
Number of updated asset objects reloaded before import = 0Number of asset objects unloaded after import = 1

========================================================================
Received Import Request.
  Time since last request: 0.000066 seconds.
  path: Assets/Resources/images/stage_303_full.png
  artifactKey: Guid(7b55f1823f4e67c488ba0367a4da0444) Importer(2089858483,b0f066a214c2f5e87bad3c948f4d605d)
Start importing Assets/Resources/images/stage_303_full.png using Guid(7b55f1823f4e67c488ba0367a4da0444) Importer(2089858483,b0f066a214c2f5e87bad3c948f4d605d) (ScriptedImporter) -> (artifact id: '9004fc48d60062d71df0a1769c61d157') in 0.0192022 seconds
Number of updated asset objects reloaded before import = 0Number of asset objects unloaded after import = 1

========================================================================
Received Import Request.
  Time since last request: 0.000085 seconds.
  path: Assets/Resources/images/stage_205_poem.png
  artifactKey: Guid(cd76f2c1d7eba654db321d39b84d50fc) Importer(2089858483,b0f066a214c2f5e87bad3c948f4d605d)
Start importing Assets/Resources/images/stage_205_poem.png using Guid(cd76f2c1d7eba654db321d39b84d50fc) Importer(2089858483,b0f066a214c2f5e87bad3c948f4d605d) (ScriptedImporter) -> (artifact id: 'be8eee615908a57cc00625e1fd7944fb') in 0.0222583 seconds
Number of updated asset objects reloaded before import = 0Number of asset objects unloaded after import = 1

========================================================================
Received Import Request.
  Time since last request: 0.000104 seconds.
  path: Assets/Resources/images/stage_306_win.png
  artifactKey: Guid(7bd926cf12171594fa65df2d1c8569ee) Importer(2089858483,b0f066a214c2f5e87bad3c948f4d605d)
Start importing Assets/Resources/images/stage_306_win.png using Guid(7bd926cf12171594fa65df2d1c8569ee) Importer(2089858483,b0f066a214c2f5e87bad3c948f4d605d) (ScriptedImporter) -> (artifact id: '710f7040b0b4e35964a85965e36d8802') in 0.0231256 seconds
Number of updated asset objects reloaded before import = 0Number of asset objects unloaded after import = 1

========================================================================
Received Import Request.
  Time since last request: 0.000068 seconds.
  path: Assets/Resources/images/stage_201_pre.png
  artifactKey: Guid(9adf3ec2b3b321e43a215bcf5b6b601c) Importer(2089858483,b0f066a214c2f5e87bad3c948f4d605d)
Start importing Assets/Resources/images/stage_201_pre.png using Guid(9adf3ec2b3b321e43a215bcf5b6b601c) Importer(2089858483,b0f066a214c2f5e87bad3c948f4d605d) (ScriptedImporter) -> (artifact id: '1afdc90bfe4a1ce6b72de33f81527f32') in 0.0245385 seconds
Number of updated asset objects reloaded before import = 0Number of asset objects unloaded after import = 1

========================================================================
Received Import Request.
  Time since last request: 0.000058 seconds.
  path: Assets/Resources/images/stage_208_full.png
  artifactKey: Guid(fe15315fc4d876147a519f32ba1f163c) Importer(2089858483,b0f066a214c2f5e87bad3c948f4d605d)
Start importing Assets/Resources/images/stage_208_full.png using Guid(fe15315fc4d876147a519f32ba1f163c) Importer(2089858483,b0f066a214c2f5e87bad3c948f4d605d) (ScriptedImporter) -> (artifact id: '832f2d88ca24eedaf7ec92f18204d45a') in 0.0239984 seconds
Number of updated asset objects reloaded before import = 0Number of asset objects unloaded after import = 1

========================================================================
Received Import Request.
  Time since last request: 0.000063 seconds.
  path: Assets/Resources/images/stage_209_poem.png
  artifactKey: Guid(4b5aeae4e5777b446b4cf5e0d77ce052) Importer(2089858483,b0f066a214c2f5e87bad3c948f4d605d)
Start importing Assets/Resources/images/stage_209_poem.png using Guid(4b5aeae4e5777b446b4cf5e0d77ce052) Importer(2089858483,b0f066a214c2f5e87bad3c948f4d605d) (ScriptedImporter) -> (artifact id: 'fac07d3598646e9d82e7d12fd5b87e1d') in 0.0218612 seconds
Number of updated asset objects reloaded before import = 0Number of asset objects unloaded after import = 1

========================================================================
Received Import Request.
  Time since last request: 0.000056 seconds.
  path: Assets/Resources/images/stage_204_full.png
  artifactKey: Guid(0fbaca3811c47084baafaf31046228ef) Importer(2089858483,b0f066a214c2f5e87bad3c948f4d605d)
Start importing Assets/Resources/images/stage_204_full.png using Guid(0fbaca3811c47084baafaf31046228ef) Importer(2089858483,b0f066a214c2f5e87bad3c948f4d605d) (ScriptedImporter) -> (artifact id: '43affc28cc8192a88c20c10a74f09fdc') in 0.0325518 seconds
Number of updated asset objects reloaded before import = 0Number of asset objects unloaded after import = 1

========================================================================
Received Import Request.
  Time since last request: 0.000132 seconds.
  path: Assets/Resources/images/stage_205_pre.png
  artifactKey: Guid(314c398a8d4458148980c138db5e7588) Importer(2089858483,b0f066a214c2f5e87bad3c948f4d605d)
Start importing Assets/Resources/images/stage_205_pre.png using Guid(314c398a8d4458148980c138db5e7588) Importer(2089858483,b0f066a214c2f5e87bad3c948f4d605d) (ScriptedImporter) -> (artifact id: '6593416af6920e98d28199009be2808a') in 0.0335577 seconds
Number of updated asset objects reloaded before import = 0Number of asset objects unloaded after import = 1

========================================================================
Received Import Request.
  Time since last request: 0.000037 seconds.
  path: Assets/Resources/images/stage_202_win.png
  artifactKey: Guid(1cc3b19082de0154593847d0793f01bc) Importer(2089858483,b0f066a214c2f5e87bad3c948f4d605d)
Start importing Assets/Resources/images/stage_202_win.png using Guid(1cc3b19082de0154593847d0793f01bc) Importer(2089858483,b0f066a214c2f5e87bad3c948f4d605d) (ScriptedImporter) -> (artifact id: '38f761835cec99f2e8f61cf04a592971') in 0.0303246 seconds
Number of updated asset objects reloaded before import = 0Number of asset objects unloaded after import = 1

========================================================================
Received Import Request.
  Time since last request: 0.000085 seconds.
  path: Assets/Resources/images/stage_206_poem.png
  artifactKey: Guid(78895ff8b0f83e04592c39e8bc23d218) Importer(2089858483,b0f066a214c2f5e87bad3c948f4d605d)
Start importing Assets/Resources/images/stage_206_poem.png using Guid(78895ff8b0f83e04592c39e8bc23d218) Importer(2089858483,b0f066a214c2f5e87bad3c948f4d605d) (ScriptedImporter) -> (artifact id: '12b6ef2bf82c702f995d9f315262d2cf') in 0.0230687 seconds
Number of updated asset objects reloaded before import = 0Number of asset objects unloaded after import = 1

========================================================================
Received Import Request.
  Time since last request: 0.000063 seconds.
  path: Assets/Resources/images/stage_203_full.png
  artifactKey: Guid(a8396ae671fae2d4b8d90f223378e529) Importer(2089858483,b0f066a214c2f5e87bad3c948f4d605d)
Start importing Assets/Resources/images/stage_203_full.png using Guid(a8396ae671fae2d4b8d90f223378e529) Importer(2089858483,b0f066a214c2f5e87bad3c948f4d605d) (ScriptedImporter) -> (artifact id: '498aba30ae2c5b3dabd352823da4aa8f') in 0.0309756 seconds
Number of updated asset objects reloaded before import = 0Number of asset objects unloaded after import = 1

========================================================================
Received Import Request.
  Time since last request: 0.000088 seconds.
  path: Assets/Resources/images/stage_101_pre.png
  artifactKey: Guid(3420d8a4dc87f794899f903746baf3e9) Importer(2089858483,b0f066a214c2f5e87bad3c948f4d605d)
Start importing Assets/Resources/images/stage_101_pre.png using Guid(3420d8a4dc87f794899f903746baf3e9) Importer(2089858483,b0f066a214c2f5e87bad3c948f4d605d) (ScriptedImporter) -> (artifact id: 'bc7abe1def411571c3782c5c4142c875') in 0.0212194 seconds
Number of updated asset objects reloaded before import = 0Number of asset objects unloaded after import = 1

========================================================================
Received Import Request.
  Time since last request: 0.000060 seconds.
  path: Assets/Resources/stages/stage_301.json
  artifactKey: Guid(e12327c032682ff4db6c496f23dee1ae) Importer(2089858483,b0f066a214c2f5e87bad3c948f4d605d)
Start importing Assets/Resources/stages/stage_301.json using Guid(e12327c032682ff4db6c496f23dee1ae) Importer(2089858483,b0f066a214c2f5e87bad3c948f4d605d) (ScriptedImporter) -> (artifact id: 'a7cf2e7566f38727d15a7ce9602f5e58') in 0.0077178 seconds
Number of updated asset objects reloaded before import = 0Number of asset objects unloaded after import = 1

========================================================================
Received Import Request.
  Time since last request: 0.000082 seconds.
  path: Assets/Resources/images/stage_309_pre.png
  artifactKey: Guid(c9c80fe371de6c345b98d4cefd262360) Importer(2089858483,b0f066a214c2f5e87bad3c948f4d605d)
Start importing Assets/Resources/images/stage_309_pre.png using Guid(c9c80fe371de6c345b98d4cefd262360) Importer(2089858483,b0f066a214c2f5e87bad3c948f4d605d) (ScriptedImporter) -> (artifact id: 'b94b8744e60792c6eb9379224fc8f162') in 0.022927 seconds
Number of updated asset objects reloaded before import = 0Number of asset objects unloaded after import = 1

========================================================================
Received Import Request.
  Time since last request: 0.000107 seconds.
  path: Assets/Resources/stages/stage_106.json
  artifactKey: Guid(ac3ef16ee5f05e244b314a2d3365ae3a) Importer(2089858483,b0f066a214c2f5e87bad3c948f4d605d)
Start importing Assets/Resources/stages/stage_106.json using Guid(ac3ef16ee5f05e244b314a2d3365ae3a) Importer(2089858483,b0f066a214c2f5e87bad3c948f4d605d) (ScriptedImporter) -> (artifact id: '712d761383a817fdddbe47552a02e38a') in 0.0108017 seconds
Number of updated asset objects reloaded before import = 0Number of asset objects unloaded after import = 1

========================================================================
Received Import Request.
  Time since last request: 0.000104 seconds.
  path: Assets/Resources/stages/stage_101.def
  artifactKey: Guid(33d6028c016e7124da3c1695151e5c26) Importer(2089858483,b0f066a214c2f5e87bad3c948f4d605d)
Start importing Assets/Resources/stages/stage_101.def using Guid(33d6028c016e7124da3c1695151e5c26) Importer(2089858483,b0f066a214c2f5e87bad3c948f4d605d) (ScriptedImporter) -> (artifact id: '5765d1ab5780844db746eea2aa82ca58') in 0.0071902 seconds
Number of updated asset objects reloaded before import = 0Number of asset objects unloaded after import = 1

========================================================================
Received Import Request.
  Time since last request: 0.000116 seconds.
  path: Assets/Resources/mp3/bg_106.mp3
  artifactKey: Guid(f851f7f9847c1aa4b9648e0d28bd7998) Importer(2089858483,b0f066a214c2f5e87bad3c948f4d605d)
Start importing Assets/Resources/mp3/bg_106.mp3 using Guid(f851f7f9847c1aa4b9648e0d28bd7998) Importer(2089858483,b0f066a214c2f5e87bad3c948f4d605d) (ScriptedImporter) -> (artifact id: 'cf0100f503a5bbf508c37d76b56b29eb') in 0.0809291 seconds
Number of updated asset objects reloaded before import = 0Number of asset objects unloaded after import = 1

========================================================================
Received Import Request.
  Time since last request: 0.000113 seconds.
  path: Assets/Resources/mp3/bg_302.mp3
  artifactKey: Guid(73bf5beb3dc34914f91c52979f917cab) Importer(2089858483,b0f066a214c2f5e87bad3c948f4d605d)
Start importing Assets/Resources/mp3/bg_302.mp3 using Guid(73bf5beb3dc34914f91c52979f917cab) Importer(2089858483,b0f066a214c2f5e87bad3c948f4d605d) (ScriptedImporter) -> (artifact id: '0d8a80bb056cccf3e24eed6f074d00a0') in 0.0741619 seconds
Number of updated asset objects reloaded before import = 0Number of asset objects unloaded after import = 1

========================================================================
Received Import Request.
  Time since last request: 0.000069 seconds.
  path: Assets/Resources/stages/stage_303.def
  artifactKey: Guid(a25f4888c1f01d34a93dbb92fd3258cc) Importer(2089858483,b0f066a214c2f5e87bad3c948f4d605d)
Start importing Assets/Resources/stages/stage_303.def using Guid(a25f4888c1f01d34a93dbb92fd3258cc) Importer(2089858483,b0f066a214c2f5e87bad3c948f4d605d) (ScriptedImporter) -> (artifact id: 'cea751fc10495b4f97e01505ee04bb8b') in 0.0080952 seconds
Number of updated asset objects reloaded before import = 0Number of asset objects unloaded after import = 1

========================================================================
Received Import Request.
  Time since last request: 0.000098 seconds.
  path: Assets/Resources/stages/stage_209.json
  artifactKey: Guid(620b7a880e3d5404db477096adf4cc48) Importer(2089858483,b0f066a214c2f5e87bad3c948f4d605d)
Start importing Assets/Resources/stages/stage_209.json using Guid(620b7a880e3d5404db477096adf4cc48) Importer(2089858483,b0f066a214c2f5e87bad3c948f4d605d) (ScriptedImporter) -> (artifact id: '0d982eb60847370f3d3db29308e2bc54') in 0.0074577 seconds
Number of updated asset objects reloaded before import = 0Number of asset objects unloaded after import = 1

========================================================================
Received Import Request.
  Time since last request: 0.000250 seconds.
  path: Assets/Resources/images/welcome_1.png
  artifactKey: Guid(456384cf661d9bc4fb1ad27bad73bdd3) Importer(2089858483,b0f066a214c2f5e87bad3c948f4d605d)
Start importing Assets/Resources/images/welcome_1.png using Guid(456384cf661d9bc4fb1ad27bad73bdd3) Importer(2089858483,b0f066a214c2f5e87bad3c948f4d605d) (ScriptedImporter) -> (artifact id: '078db1dd665af8908bccd221adcb864c') in 0.0244303 seconds
Number of updated asset objects reloaded before import = 0Number of asset objects unloaded after import = 1

========================================================================
Received Import Request.
  Time since last request: 0.000059 seconds.
  path: Assets/Resources/stages/stage_102.json
  artifactKey: Guid(89e61786db1711542a76cdd6d541ba8f) Importer(2089858483,b0f066a214c2f5e87bad3c948f4d605d)
Start importing Assets/Resources/stages/stage_102.json using Guid(89e61786db1711542a76cdd6d541ba8f) Importer(2089858483,b0f066a214c2f5e87bad3c948f4d605d) (ScriptedImporter) -> (artifact id: '4e7f8270ffd03836ebae38cce2771881') in 0.0082705 seconds
Number of updated asset objects reloaded before import = 0Number of asset objects unloaded after import = 1

========================================================================
Received Import Request.
  Time since last request: 0.000077 seconds.
  path: Assets/Resources/stages/stage_307.def
  artifactKey: Guid(43faf91ea48a9364985ea59d73b5487c) Importer(2089858483,b0f066a214c2f5e87bad3c948f4d605d)
Start importing Assets/Resources/stages/stage_307.def using Guid(43faf91ea48a9364985ea59d73b5487c) Importer(2089858483,b0f066a214c2f5e87bad3c948f4d605d) (ScriptedImporter) -> (artifact id: '1add83ec086e559f0fbcc5496b784f24') in 0.0066175 seconds
Number of updated asset objects reloaded before import = 0Number of asset objects unloaded after import = 1

========================================================================
Received Import Request.
  Time since last request: 0.000086 seconds.
  path: Assets/Resources/stages/stage_302.json
  artifactKey: Guid(2737daed69846f948ba9e22b2d32a036) Importer(2089858483,b0f066a214c2f5e87bad3c948f4d605d)
Start importing Assets/Resources/stages/stage_302.json using Guid(2737daed69846f948ba9e22b2d32a036) Importer(2089858483,b0f066a214c2f5e87bad3c948f4d605d) (ScriptedImporter) -> (artifact id: '4d19b2be208ac8df0d18eabcb7878107') in 0.0078836 seconds
Number of updated asset objects reloaded before import = 0Number of asset objects unloaded after import = 1

========================================================================
Received Import Request.
  Time since last request: 0.000064 seconds.
  path: Assets/Resources/stages/stage_204.json
  artifactKey: Guid(10f9c53c25762274a9c5edf4019e58de) Importer(2089858483,b0f066a214c2f5e87bad3c948f4d605d)
Start importing Assets/Resources/stages/stage_204.json using Guid(10f9c53c25762274a9c5edf4019e58de) Importer(2089858483,b0f066a214c2f5e87bad3c948f4d605d) (ScriptedImporter) -> (artifact id: '7b695c338a4f2dc3c5ea9dad8e6f00de') in 0.0069143 seconds
Number of updated asset objects reloaded before import = 0Number of asset objects unloaded after import = 1

========================================================================
Received Import Request.
  Time since last request: 0.000108 seconds.
  path: Assets/Resources/stages/stage_109.json
  artifactKey: Guid(2d2a87fd24eda4c48bc3594db66a711e) Importer(2089858483,b0f066a214c2f5e87bad3c948f4d605d)
Start importing Assets/Resources/stages/stage_109.json using Guid(2d2a87fd24eda4c48bc3594db66a711e) Importer(2089858483,b0f066a214c2f5e87bad3c948f4d605d) (ScriptedImporter) -> (artifact id: '5b3c919a7631ebe756439c9b726ee454') in 0.0082585 seconds
Number of updated asset objects reloaded before import = 0Number of asset objects unloaded after import = 1

========================================================================
Received Import Request.
  Time since last request: 0.000077 seconds.
  path: Assets/Resources/stages/stage_204.def
  artifactKey: Guid(fcdde5ecbc7caa343b607fa3f763beb6) Importer(2089858483,b0f066a214c2f5e87bad3c948f4d605d)
Start importing Assets/Resources/stages/stage_204.def using Guid(fcdde5ecbc7caa343b607fa3f763beb6) Importer(2089858483,b0f066a214c2f5e87bad3c948f4d605d) (ScriptedImporter) -> (artifact id: '00e9bfc2c5cc9732fd387e3b161a1e2d') in 0.0071593 seconds
Number of updated asset objects reloaded before import = 0Number of asset objects unloaded after import = 1

========================================================================
Received Import Request.
  Time since last request: 0.000039 seconds.
  path: Assets/Resources/stages/stage_306.json
  artifactKey: Guid(03fd3d0adefd80148a3a1c2229a407dd) Importer(2089858483,b0f066a214c2f5e87bad3c948f4d605d)
Start importing Assets/Resources/stages/stage_306.json using Guid(03fd3d0adefd80148a3a1c2229a407dd) Importer(2089858483,b0f066a214c2f5e87bad3c948f4d605d) (ScriptedImporter) -> (artifact id: 'd73b08ec0425ebec8ed4451f5f599f7d') in 0.0084033 seconds
Number of updated asset objects reloaded before import = 0Number of asset objects unloaded after import = 1

========================================================================
Received Import Request.
  Time since last request: 0.000095 seconds.
  path: Assets/Resources/stages/stage_207.json
  artifactKey: Guid(c0d15e187d45e1c4eb18bb48038e4be2) Importer(2089858483,b0f066a214c2f5e87bad3c948f4d605d)
Start importing Assets/Resources/stages/stage_207.json using Guid(c0d15e187d45e1c4eb18bb48038e4be2) Importer(2089858483,b0f066a214c2f5e87bad3c948f4d605d) (ScriptedImporter) -> (artifact id: 'fb40956f9e2642029aac23322f8a2ea9') in 0.008237 seconds
Number of updated asset objects reloaded before import = 0Number of asset objects unloaded after import = 1

========================================================================
Received Import Request.
  Time since last request: 0.000145 seconds.
  path: Assets/Resources/stages/stage_106.def
  artifactKey: Guid(9ebdd1e7347429443a1b7013957ce1e0) Importer(2089858483,b0f066a214c2f5e87bad3c948f4d605d)
Start importing Assets/Resources/stages/stage_106.def using Guid(9ebdd1e7347429443a1b7013957ce1e0) Importer(2089858483,b0f066a214c2f5e87bad3c948f4d605d) (ScriptedImporter) -> (artifact id: '74bb66e561fb663f12ad15f3e10d68ad') in 0.0064094 seconds
Number of updated asset objects reloaded before import = 0Number of asset objects unloaded after import = 1

========================================================================
Received Import Request.
  Time since last request: 0.000026 seconds.
  path: Assets/Resources/stages/stage_109.def
  artifactKey: Guid(0551c9c5b457a014bb6a7c8eb0577aa8) Importer(2089858483,b0f066a214c2f5e87bad3c948f4d605d)
Start importing Assets/Resources/stages/stage_109.def using Guid(0551c9c5b457a014bb6a7c8eb0577aa8) Importer(2089858483,b0f066a214c2f5e87bad3c948f4d605d) (ScriptedImporter) -> (artifact id: 'ea27024905a4ca9e3a25023348586671') in 0.0080618 seconds
Number of updated asset objects reloaded before import = 0Number of asset objects unloaded after import = 1

========================================================================
Received Import Request.
  Time since last request: 0.000123 seconds.
  path: Assets/Resources/mp3/bg_305.mp3
  artifactKey: Guid(8da8ffd7d0ad33f4baccc64df0122ec4) Importer(2089858483,b0f066a214c2f5e87bad3c948f4d605d)
Start importing Assets/Resources/mp3/bg_305.mp3 using Guid(8da8ffd7d0ad33f4baccc64df0122ec4) Importer(2089858483,b0f066a214c2f5e87bad3c948f4d605d) (ScriptedImporter) -> (artifact id: 'd36de1c4ae36a0540dfb3e3f7d68978b') in 0.0716875 seconds
Number of updated asset objects reloaded before import = 0Number of asset objects unloaded after import = 1

========================================================================
Received Import Request.
  Time since last request: 0.000107 seconds.
  path: Assets/Resources/stages/stage_304.json
  artifactKey: Guid(9f38db3b41935ea4592927a160a2a486) Importer(2089858483,b0f066a214c2f5e87bad3c948f4d605d)
Start importing Assets/Resources/stages/stage_304.json using Guid(9f38db3b41935ea4592927a160a2a486) Importer(2089858483,b0f066a214c2f5e87bad3c948f4d605d) (ScriptedImporter) -> (artifact id: '5ae3da88a68bbd273deaeffbfe357c84') in 0.0068751 seconds
Number of updated asset objects reloaded before import = 0Number of asset objects unloaded after import = 1

========================================================================
Received Import Request.
  Time since last request: 0.000104 seconds.
  path: Assets/Resources/mp3/bg_202.mp3
  artifactKey: Guid(71fff3e831116d945bf6f8282aac9ef4) Importer(2089858483,b0f066a214c2f5e87bad3c948f4d605d)
Start importing Assets/Resources/mp3/bg_202.mp3 using Guid(71fff3e831116d945bf6f8282aac9ef4) Importer(2089858483,b0f066a214c2f5e87bad3c948f4d605d) (ScriptedImporter) -> (artifact id: 'f94e6fa83dafe44757abce40b1bf06ca') in 0.0694751 seconds
Number of updated asset objects reloaded before import = 0Number of asset objects unloaded after import = 1

========================================================================
Received Import Request.
  Time since last request: 0.000086 seconds.
  path: Assets/Resources/stages/stage_205.def
  artifactKey: Guid(3d8d1a6c871bab5448d02c642936e57e) Importer(2089858483,b0f066a214c2f5e87bad3c948f4d605d)
Start importing Assets/Resources/stages/stage_205.def using Guid(3d8d1a6c871bab5448d02c642936e57e) Importer(2089858483,b0f066a214c2f5e87bad3c948f4d605d) (ScriptedImporter) -> (artifact id: 'c54daa3579415a31a8106ecd26298c2a') in 0.0085908 seconds
Number of updated asset objects reloaded before import = 0Number of asset objects unloaded after import = 1

========================================================================
Received Import Request.
  Time since last request: 0.000154 seconds.
  path: Assets/Resources/stages/stage_301.def
  artifactKey: Guid(e0a33258c2cf37949b5ffd3fe498149b) Importer(2089858483,b0f066a214c2f5e87bad3c948f4d605d)
Start importing Assets/Resources/stages/stage_301.def using Guid(e0a33258c2cf37949b5ffd3fe498149b) Importer(2089858483,b0f066a214c2f5e87bad3c948f4d605d) (ScriptedImporter) -> (artifact id: '263f1bd75952a9f247eda5fcb534f19b') in 0.0079253 seconds
Number of updated asset objects reloaded before import = 0Number of asset objects unloaded after import = 1

========================================================================
Received Import Request.
  Time since last request: 0.000097 seconds.
  path: Assets/Scripts/UI/Activities/BundleActivity.cs
  artifactKey: Guid(4970392c5e8283d4d8b6d39a0bbd1a45) Importer(2089858483,b0f066a214c2f5e87bad3c948f4d605d)
Start importing Assets/Scripts/UI/Activities/BundleActivity.cs using Guid(4970392c5e8283d4d8b6d39a0bbd1a45) Importer(2089858483,b0f066a214c2f5e87bad3c948f4d605d) (ScriptedImporter) -> (artifact id: 'ab179b008b774b338a17eb2872ac10ad') in 0.0082679 seconds
Number of updated asset objects reloaded before import = 0Number of asset objects unloaded after import = 0

========================================================================
Received Import Request.
  Time since last request: 0.000111 seconds.
  path: Assets/Resources/stages/stage_307.json
  artifactKey: Guid(88facafd99ebc374da250cf0c3c41b2b) Importer(2089858483,b0f066a214c2f5e87bad3c948f4d605d)
Start importing Assets/Resources/stages/stage_307.json using Guid(88facafd99ebc374da250cf0c3c41b2b) Importer(2089858483,b0f066a214c2f5e87bad3c948f4d605d) (ScriptedImporter) -> (artifact id: '0be1729940a59bfaf3037ab10ae17bf2') in 0.0092408 seconds
Number of updated asset objects reloaded before import = 0Number of asset objects unloaded after import = 1

========================================================================
Received Import Request.
  Time since last request: 0.000078 seconds.
  path: Assets/Resources/stages/stage_309.def
  artifactKey: Guid(9534b30536f66294a9531d77e7508989) Importer(2089858483,b0f066a214c2f5e87bad3c948f4d605d)
Start importing Assets/Resources/stages/stage_309.def using Guid(9534b30536f66294a9531d77e7508989) Importer(2089858483,b0f066a214c2f5e87bad3c948f4d605d) (ScriptedImporter) -> (artifact id: 'f6063fb42b69235f3f9bcafca31d7cf4') in 0.0073395 seconds
Number of updated asset objects reloaded before import = 0Number of asset objects unloaded after import = 1

========================================================================
Received Import Request.
  Time since last request: 0.000049 seconds.
  path: Assets/Images/background/bigsize/stage-xx5-bg.png
  artifactKey: Guid(b107ed6869007544c8ba1410eb94382f) Importer(2089858483,b0f066a214c2f5e87bad3c948f4d605d)
Start importing Assets/Images/background/bigsize/stage-xx5-bg.png using Guid(b107ed6869007544c8ba1410eb94382f) Importer(2089858483,b0f066a214c2f5e87bad3c948f4d605d) (ScriptedImporter) -> (artifact id: '938fee1ed9c53c304a645cb2ee240893') in 0.0456896 seconds
Number of updated asset objects reloaded before import = 0Number of asset objects unloaded after import = 3

========================================================================
Received Import Request.
  Time since last request: 0.000032 seconds.
  path: Assets/Scripts/UI/Activities/ReceiveCharActivity.cs
  artifactKey: Guid(fbd2db7534629874aa63654d73e5e1f5) Importer(2089858483,b0f066a214c2f5e87bad3c948f4d605d)
Start importing Assets/Scripts/UI/Activities/ReceiveCharActivity.cs using Guid(fbd2db7534629874aa63654d73e5e1f5) Importer(2089858483,b0f066a214c2f5e87bad3c948f4d605d) (ScriptedImporter) -> (artifact id: '7737e3f7e9902d1eaf9c867ce8284512') in 0.0092398 seconds
Number of updated asset objects reloaded before import = 0Number of asset objects unloaded after import = 0

========================================================================
Received Import Request.
  Time since last request: 0.000110 seconds.
  path: Assets/Images/background/bigsize/stage-002-bg.png
  artifactKey: Guid(4aa071affeb90cc43afb688727215094) Importer(2089858483,b0f066a214c2f5e87bad3c948f4d605d)
Start importing Assets/Images/background/bigsize/stage-002-bg.png using Guid(4aa071affeb90cc43afb688727215094) Importer(2089858483,b0f066a214c2f5e87bad3c948f4d605d) (ScriptedImporter) -> (artifact id: 'aaa545ff6c37fd89f7c604067e03017c') in 0.0321875 seconds
Number of updated asset objects reloaded before import = 0Number of asset objects unloaded after import = 3

========================================================================
Received Import Request.
  Time since last request: 0.000027 seconds.
  path: Assets/Scripts/UI/Activities/FadeOutActivity.cs
  artifactKey: Guid(544d0e301d19eb34f967cf0d70c5a75e) Importer(2089858483,b0f066a214c2f5e87bad3c948f4d605d)
Start importing Assets/Scripts/UI/Activities/FadeOutActivity.cs using Guid(544d0e301d19eb34f967cf0d70c5a75e) Importer(2089858483,b0f066a214c2f5e87bad3c948f4d605d) (ScriptedImporter) -> (artifact id: 'a1c428bfed6cd7e6f93b7c4b7a777890') in 0.0079993 seconds
Number of updated asset objects reloaded before import = 0Number of asset objects unloaded after import = 0

========================================================================
Received Import Request.
  Time since last request: 0.000172 seconds.
  path: Assets/Scripts/Components/PuzzleDefinition.cs
  artifactKey: Guid(0a4ce114240626a4c8d0da7659f07bb9) Importer(2089858483,b0f066a214c2f5e87bad3c948f4d605d)
Start importing Assets/Scripts/Components/PuzzleDefinition.cs using Guid(0a4ce114240626a4c8d0da7659f07bb9) Importer(2089858483,b0f066a214c2f5e87bad3c948f4d605d) (ScriptedImporter) -> (artifact id: '34f232ef67d1ff608fc07778ae4fb71e') in 0.0113414 seconds
Number of updated asset objects reloaded before import = 0Number of asset objects unloaded after import = 0

========================================================================
Received Import Request.
  Time since last request: 0.000071 seconds.
  path: Assets/Scripts/UI/Activities/HighLightCharActivity.cs
  artifactKey: Guid(efcf8769f8e67a348aa80289fd961b5a) Importer(2089858483,b0f066a214c2f5e87bad3c948f4d605d)
Start importing Assets/Scripts/UI/Activities/HighLightCharActivity.cs using Guid(efcf8769f8e67a348aa80289fd961b5a) Importer(2089858483,b0f066a214c2f5e87bad3c948f4d605d) (ScriptedImporter) -> (artifact id: 'a1c2457bd9317794887de91324acb2fb') in 0.010698 seconds
Number of updated asset objects reloaded before import = 0Number of asset objects unloaded after import = 0

========================================================================
Received Import Request.
  Time since last request: 0.000121 seconds.
  path: Assets/Images/background/bigsize/stage-x13-bg.png
  artifactKey: Guid(e716d05009722b049b0dd3c2bc62b7b2) Importer(2089858483,b0f066a214c2f5e87bad3c948f4d605d)
Start importing Assets/Images/background/bigsize/stage-x13-bg.png using Guid(e716d05009722b049b0dd3c2bc62b7b2) Importer(2089858483,b0f066a214c2f5e87bad3c948f4d605d) (ScriptedImporter) -> (artifact id: '5ca9bdfa9f9e5cee10617069cae95ec1') in 0.0362357 seconds
Number of updated asset objects reloaded before import = 0Number of asset objects unloaded after import = 3

========================================================================
Received Import Request.
  Time since last request: 0.000026 seconds.
  path: Assets/Images/background/bigsize/stage-x10-bg.png
  artifactKey: Guid(fb7ad0d81811fbe4bbb57dda055e3341) Importer(2089858483,b0f066a214c2f5e87bad3c948f4d605d)
Start importing Assets/Images/background/bigsize/stage-x10-bg.png using Guid(fb7ad0d81811fbe4bbb57dda055e3341) Importer(2089858483,b0f066a214c2f5e87bad3c948f4d605d) (ScriptedImporter) -> (artifact id: '7245b4c024ad9d8f2e72b374bf6a70d5') in 0.0330882 seconds
Number of updated asset objects reloaded before import = 0Number of asset objects unloaded after import = 3

========================================================================
Received Import Request.
  Time since last request: 0.000024 seconds.
  path: Assets/Resources/characters/fzlb/fzlb_01.png
  artifactKey: Guid(9f9fc90bb08f8114388f0ea9015607b9) Importer(2089858483,b0f066a214c2f5e87bad3c948f4d605d)
Start importing Assets/Resources/characters/fzlb/fzlb_01.png using Guid(9f9fc90bb08f8114388f0ea9015607b9) Importer(2089858483,b0f066a214c2f5e87bad3c948f4d605d) (ScriptedImporter) -> (artifact id: '7abde22a1b1e2ea6f46c11583aef341f') in 0.0286763 seconds
Number of updated asset objects reloaded before import = 0Number of asset objects unloaded after import = 1

========================================================================
Received Import Request.
  Time since last request: 0.000125 seconds.
  path: Assets/Images/background/bigsize/stage-xx2-bg.png
  artifactKey: Guid(3cf4f657b08afb840b1eb1d25a8793b1) Importer(2089858483,b0f066a214c2f5e87bad3c948f4d605d)
Start importing Assets/Images/background/bigsize/stage-xx2-bg.png using Guid(3cf4f657b08afb840b1eb1d25a8793b1) Importer(2089858483,b0f066a214c2f5e87bad3c948f4d605d) (ScriptedImporter) -> (artifact id: '9f82dc66532c8b766b3a715ea25e5221') in 0.033072 seconds
Number of updated asset objects reloaded before import = 0Number of asset objects unloaded after import = 3

========================================================================
Received Import Request.
  Time since last request: 0.000027 seconds.
  path: Assets/Scripts/Common/Utils.cs
  artifactKey: Guid(8a35c0ea9fffa7e48bad53cc726a58df) Importer(2089858483,b0f066a214c2f5e87bad3c948f4d605d)
Start importing Assets/Scripts/Common/Utils.cs using Guid(8a35c0ea9fffa7e48bad53cc726a58df) Importer(2089858483,b0f066a214c2f5e87bad3c948f4d605d) (ScriptedImporter) -> (artifact id: 'b5d9624022621e078191b04d1b0f1edf') in 0.0077075 seconds
Number of updated asset objects reloaded before import = 0Number of asset objects unloaded after import = 0

========================================================================
Received Import Request.
  Time since last request: 0.000046 seconds.
  path: Assets/Resources/mp3/bg_103.mp3
  artifactKey: Guid(d9e3d98edf1be34459e2ce31bb792645) Importer(2089858483,b0f066a214c2f5e87bad3c948f4d605d)
Start importing Assets/Resources/mp3/bg_103.mp3 using Guid(d9e3d98edf1be34459e2ce31bb792645) Importer(2089858483,b0f066a214c2f5e87bad3c948f4d605d) (ScriptedImporter) -> (artifact id: '6513a5866cf7288be3ca1b3b03d152cf') in 0.0836678 seconds
Number of updated asset objects reloaded before import = 0Number of asset objects unloaded after import = 1

========================================================================
Received Import Request.
  Time since last request: 0.000072 seconds.
  path: Assets/Images/background/bigsize/stage-x11-bg.png
  artifactKey: Guid(33f7612097c34834fbc5d4ebeff24b2a) Importer(2089858483,b0f066a214c2f5e87bad3c948f4d605d)
Start importing Assets/Images/background/bigsize/stage-x11-bg.png using Guid(33f7612097c34834fbc5d4ebeff24b2a) Importer(2089858483,b0f066a214c2f5e87bad3c948f4d605d) (ScriptedImporter) -> (artifact id: 'df947563eada6105ccbc5265e12a52b7') in 0.0363569 seconds
Number of updated asset objects reloaded before import = 0Number of asset objects unloaded after import = 3

========================================================================
Received Import Request.
  Time since last request: 0.000025 seconds.
  path: Assets/Resources/mp3/bg_301.mp3
  artifactKey: Guid(2f32e5d4f378a0743bf9496fb4e8c8e5) Importer(2089858483,b0f066a214c2f5e87bad3c948f4d605d)
Start importing Assets/Resources/mp3/bg_301.mp3 using Guid(2f32e5d4f378a0743bf9496fb4e8c8e5) Importer(2089858483,b0f066a214c2f5e87bad3c948f4d605d) (ScriptedImporter) -> (artifact id: 'ed13c39fb600b100256205e68ac413b9') in 0.0819665 seconds
Number of updated asset objects reloaded before import = 0Number of asset objects unloaded after import = 1

========================================================================
Received Import Request.
  Time since last request: 0.000087 seconds.
  path: Assets/Resources/mp3/bg_201.mp3
  artifactKey: Guid(58fc143af6f7350479b23dd555163561) Importer(2089858483,b0f066a214c2f5e87bad3c948f4d605d)
Start importing Assets/Resources/mp3/bg_201.mp3 using Guid(58fc143af6f7350479b23dd555163561) Importer(2089858483,b0f066a214c2f5e87bad3c948f4d605d) (ScriptedImporter) -> (artifact id: '81a5d7755478022b37835bd8fbc67a49') in 0.0486127 seconds
Number of updated asset objects reloaded before import = 0Number of asset objects unloaded after import = 1

========================================================================
Received Import Request.
  Time since last request: 0.000484 seconds.
  path: Assets/Scripts/UI/Scenes/obj/Debug/net10.0/PrologueScene.AssemblyInfo.cs
  artifactKey: Guid(abfa35b05d9923047b8ab9c412fca7f2) Importer(2089858483,b0f066a214c2f5e87bad3c948f4d605d)
Start importing Assets/Scripts/UI/Scenes/obj/Debug/net10.0/PrologueScene.AssemblyInfo.cs using Guid(abfa35b05d9923047b8ab9c412fca7f2) Importer(2089858483,b0f066a214c2f5e87bad3c948f4d605d) (ScriptedImporter) -> (artifact id: '87f8ee107f77be224b2bbf3e5bfc4217') in 0.0087196 seconds
Number of updated asset objects reloaded before import = 0Number of asset objects unloaded after import = 0

========================================================================
Received Import Request.
  Time since last request: 0.000131 seconds.
  path: Assets/Scripts/UI/Scenes/SelectStageScene.cs
  artifactKey: Guid(7d655a22354895744b340738bfe5ace0) Importer(2089858483,b0f066a214c2f5e87bad3c948f4d605d)
Start importing Assets/Scripts/UI/Scenes/SelectStageScene.cs using Guid(7d655a22354895744b340738bfe5ace0) Importer(2089858483,b0f066a214c2f5e87bad3c948f4d605d) (ScriptedImporter) -> (artifact id: '6ca190f488f9b66a4894cdcfb00fcb3a') in 0.009053 seconds
Number of updated asset objects reloaded before import = 0Number of asset objects unloaded after import = 0

========================================================================
Received Import Request.
  Time since last request: 0.000077 seconds.
  path: Assets/Scripts/UI/Scenes/obj/Debug/net10.0/PrologueScene.AssemblyInfoInputs.cache
  artifactKey: Guid(40c1b8405487ea046acab0e3c712cc17) Importer(2089858483,b0f066a214c2f5e87bad3c948f4d605d)
Start importing Assets/Scripts/UI/Scenes/obj/Debug/net10.0/PrologueScene.AssemblyInfoInputs.cache using Guid(40c1b8405487ea046acab0e3c712cc17) Importer(2089858483,b0f066a214c2f5e87bad3c948f4d605d) (ScriptedImporter) -> (artifact id: '0cd9d3c2671c4ce0a0c4dfeb61d77cef') in 0.0069629 seconds
Number of updated asset objects reloaded before import = 0Number of asset objects unloaded after import = 1

========================================================================
Received Import Request.
  Time since last request: 0.000115 seconds.
  path: Assets/Scripts/UI/Scenes/MainGameScene.cs
  artifactKey: Guid(a6e71fd906a5950408fb64b37ce96807) Importer(2089858483,b0f066a214c2f5e87bad3c948f4d605d)
Start importing Assets/Scripts/UI/Scenes/MainGameScene.cs using Guid(a6e71fd906a5950408fb64b37ce96807) Importer(2089858483,b0f066a214c2f5e87bad3c948f4d605d) (ScriptedImporter) -> (artifact id: 'dfa46bf7c524addf567d898ff9d8259a') in 0.0078051 seconds
Number of updated asset objects reloaded before import = 0Number of asset objects unloaded after import = 0

========================================================================
Received Import Request.
  Time since last request: 0.000111 seconds.
  path: Assets/Scripts/UI/Effects/obj/Debug/net10.0/FadeIn.AssemblyInfoInputs.cache
  artifactKey: Guid(b65216af5464b1d408f95eeac675bb26) Importer(2089858483,b0f066a214c2f5e87bad3c948f4d605d)
Start importing Assets/Scripts/UI/Effects/obj/Debug/net10.0/FadeIn.AssemblyInfoInputs.cache using Guid(b65216af5464b1d408f95eeac675bb26) Importer(2089858483,b0f066a214c2f5e87bad3c948f4d605d) (ScriptedImporter) -> (artifact id: 'e3adf8153dd310db47c436173e9f848d') in 0.0078684 seconds
Number of updated asset objects reloaded before import = 0Number of asset objects unloaded after import = 1

========================================================================
Received Import Request.
  Time since last request: 0.000124 seconds.
  path: Assets/Scripts/UI/Effects/Revealing.cs
  artifactKey: Guid(0e0b8a15875eba345a13d9107b144fc4) Importer(2089858483,b0f066a214c2f5e87bad3c948f4d605d)
Start importing Assets/Scripts/UI/Effects/Revealing.cs using Guid(0e0b8a15875eba345a13d9107b144fc4) Importer(2089858483,b0f066a214c2f5e87bad3c948f4d605d) (ScriptedImporter) -> (artifact id: '2265bc5ac38a4166fb5f95bd052302d3') in 0.0085412 seconds
Number of updated asset objects reloaded before import = 0Number of asset objects unloaded after import = 0

========================================================================
Received Import Request.
  Time since last request: 0.000145 seconds.
  path: Assets/Scripts/UI/Effects/obj/Debug/net10.0/MoveTo.AssemblyInfoInputs.cache
  artifactKey: Guid(c89f90156741b834493d1513ecfc9b7f) Importer(2089858483,b0f066a214c2f5e87bad3c948f4d605d)
Start importing Assets/Scripts/UI/Effects/obj/Debug/net10.0/MoveTo.AssemblyInfoInputs.cache using Guid(c89f90156741b834493d1513ecfc9b7f) Importer(2089858483,b0f066a214c2f5e87bad3c948f4d605d) (ScriptedImporter) -> (artifact id: 'ce4882adfa09f4f273e4526269b27b2f') in 0.0081576 seconds
Number of updated asset objects reloaded before import = 0Number of asset objects unloaded after import = 1

========================================================================
Received Import Request.
  Time since last request: 0.000079 seconds.
  path: Assets/Scripts/UI/Scenes/obj/Debug/net10.0/SelectCategoryScene.GeneratedMSBuildEditorConfig.editorconfig
  artifactKey: Guid(b1956a72510c07d449494cd67bc650de) Importer(2089858483,b0f066a214c2f5e87bad3c948f4d605d)
Start importing Assets/Scripts/UI/Scenes/obj/Debug/net10.0/SelectCategoryScene.GeneratedMSBuildEditorConfig.editorconfig using Guid(b1956a72510c07d449494cd67bc650de) Importer(2089858483,b0f066a214c2f5e87bad3c948f4d605d) (ScriptedImporter) -> (artifact id: 'b11f67b804e25bec3b972d8196228b56') in 0.0094781 seconds
Number of updated asset objects reloaded before import = 0Number of asset objects unloaded after import = 1

========================================================================
Received Import Request.
  Time since last request: 0.000096 seconds.
  path: Assets/Resources/stages/stage_104.def
  artifactKey: Guid(1ea8fd45cf51f0a4b871d7fd57d8ca01) Importer(2089858483,b0f066a214c2f5e87bad3c948f4d605d)
Start importing Assets/Resources/stages/stage_104.def using Guid(1ea8fd45cf51f0a4b871d7fd57d8ca01) Importer(2089858483,b0f066a214c2f5e87bad3c948f4d605d) (ScriptedImporter) -> (artifact id: '6859d80109ef478f34d49457044735d5') in 0.0074862 seconds
Number of updated asset objects reloaded before import = 0Number of asset objects unloaded after import = 1

========================================================================
Received Import Request.
  Time since last request: 0.000054 seconds.
  path: Assets/Resources/images/stage_105_win.png
  artifactKey: Guid(90d4cadcf1b32364da6c24e81c6ba1d7) Importer(2089858483,b0f066a214c2f5e87bad3c948f4d605d)
Start importing Assets/Resources/images/stage_105_win.png using Guid(90d4cadcf1b32364da6c24e81c6ba1d7) Importer(2089858483,b0f066a214c2f5e87bad3c948f4d605d) (ScriptedImporter) -> (artifact id: '035d037b13b11d9a2eb54e382e7e8c92') in 0.0272681 seconds
Number of updated asset objects reloaded before import = 0Number of asset objects unloaded after import = 1

========================================================================
Received Import Request.
  Time since last request: 0.000069 seconds.
  path: Assets/Resources/images/stage_108_win.png
  artifactKey: Guid(aa9f2828c37482e48ac4e66118656f6c) Importer(2089858483,b0f066a214c2f5e87bad3c948f4d605d)
Start importing Assets/Resources/images/stage_108_win.png using Guid(aa9f2828c37482e48ac4e66118656f6c) Importer(2089858483,b0f066a214c2f5e87bad3c948f4d605d) (ScriptedImporter) -> (artifact id: '9aa19c160e8c5cfa0bb7c83f9a56ab25') in 0.0247641 seconds
Number of updated asset objects reloaded before import = 0Number of asset objects unloaded after import = 1

Editor requested this worker to shutdown with reason: Scaling down because of idle timeout
AssetImportWorker is now disconnected from the server
Process exiting
Exiting without the bug reporter. Application will terminate with return code 0