[Licensing::Module] Trying to connect to existing licensing client channel...
Built from '6000.3/staging' branch; Version is '6000.3.10f1 (e35f0c77bd8e) revision 14901004'; Using compiler version '194234433'; Build Type 'Release'
[Licensing::IpcConnector] Successfully connected to: "LicenseClient-charl" at "2026-06-08T06:00:39.9741683Z"
OS: 'Windows 11  (10.0.22631) Professional' Language: 'en' Physical Memory: 32443 MB
BatchMode: 1, IsHumanControllingUs: 0, StartBugReporterOnCrash: 0, Is64bit: 1
System  architecture: x64
Process architecture: x64
Date: 2026-06-08T06:00:39Z

COMMAND LINE ARGUMENTS:
C:\Program Files\Unity\Hub\Editor\6000.3.10f1\Editor\Unity.exe
-adb2
-batchMode
-noUpm
-name
AssetImportWorker0
-projectPath
D:/SourceCode/Git/toneyisnow/PoemLinkageUnity
-logFile
Logs/AssetImportWorker0.log
-srvPort
51815
-licensingIpc
LicenseClient-charl
-job-worker-count
7
-background-job-worker-count
8
-gc-helper-count
1
-name
AssetImport
Successfully changed project path to: D:/SourceCode/Git/toneyisnow/PoemLinkageUnity
D:/SourceCode/Git/toneyisnow/PoemLinkageUnity
[UnityMemory] Configuration Parameters - Can be set up in boot.config
    "memorysetup-temp-allocator-size-nav-mesh-worker=65536"
    "memorysetup-temp-allocator-size-audio-worker=65536"
    "memorysetup-temp-allocator-size-gfx=262144"
    "memorysetup-allocator-temp-initial-block-size-main=262144"
    "memorysetup-allocator-temp-initial-block-size-worker=262144"
    "memorysetup-temp-allocator-size-background-worker=32768"
    "memorysetup-temp-allocator-size-job-worker=262144"
    "memorysetup-temp-allocator-size-preload-manager=33554432"
    "memorysetup-temp-allocator-size-gi-baking-worker=262144"
    "memorysetup-temp-allocator-size-gi-baking-worker=262144"
    "memorysetup-temp-allocator-size-gi-baking-worker=262144"
    "memorysetup-temp-allocator-size-gi-baking-worker=262144"
    "memorysetup-temp-allocator-size-gi-baking-worker=262144"
    "memorysetup-bucket-allocator-granularity=16"
    "memorysetup-bucket-allocator-bucket-count=8"
    "memorysetup-bucket-allocator-block-size=33554432"
    "memorysetup-bucket-allocator-block-count=8"
    "memorysetup-main-allocator-block-size=16777216"
    "memorysetup-thread-allocator-block-size=16777216"
    "memorysetup-gfx-main-allocator-block-size=16777216"
    "memorysetup-gfx-thread-allocator-block-size=16777216"
    "memorysetup-cache-allocator-block-size=4194304"
    "memorysetup-typetree-allocator-block-size=2097152"
    "memorysetup-profiler-bucket-allocator-granularity=16"
    "memorysetup-profiler-bucket-allocator-bucket-count=8"
    "memorysetup-profiler-bucket-allocator-block-size=33554432"
    "memorysetup-profiler-bucket-allocator-block-count=8"
    "memorysetup-profiler-allocator-block-size=16777216"
    "memorysetup-profiler-editor-allocator-block-size=1048576"
    "memorysetup-temp-allocator-size-main=16777216"
    "memorysetup-job-temp-allocator-block-size=2097152"
    "memorysetup-job-temp-allocator-block-size-background=1048576"
    "memorysetup-job-temp-allocator-reduction-small-platforms=262144"
    "memorysetup-temp-allocator-size-cloud-worker=32768"
Player connection [68720]  Target information:

Player connection [68720]  * "[IP] 172.22.32.1 [Port] 0 [Flags] 2 [Guid] 3325805350 [EditorId] 3325805350 [Version] 1048832 [Id] WindowsEditor(7,toneyalien12) [Debug] 1 [PackageName] WindowsEditor [ProjectName] Editor" 

Player connection [68720]  * "[IP] 172.29.128.1 [Port] 0 [Flags] 2 [Guid] 3325805350 [EditorId] 3325805350 [Version] 1048832 [Id] WindowsEditor(7,toneyalien12) [Debug] 1 [PackageName] WindowsEditor [ProjectName] Editor" 

Player connection [68720]  * "[IP] 10.0.0.24 [Port] 0 [Flags] 2 [Guid] 3325805350 [EditorId] 3325805350 [Version] 1048832 [Id] WindowsEditor(7,toneyalien12) [Debug] 1 [PackageName] WindowsEditor [ProjectName] Editor" 

Player connection [68720] Host joined multi-casting on [225.0.0.222:54997]...
Player connection [68720] Host joined alternative multi-casting on [225.0.0.222:34997]...
JobSystem: Creating JobQueue using job-worker-count value 7
Input System module state changed to: Initialized.
[Physics::Module] Initialized fallback backend.
[Physics::Module] Id: 0xdecafbad
Library Redirect Path: Library/
[Physics::Module] Selected backend.
[Physics::Module] Name: PhysX
[Physics::Module] Id: 0xf2b8ea05
[Physics::Module] SDK Version: 4.1.2
[Physics::Module] Integration Version: 1.0.0
[Physics::Module] Threading Mode: Multi-Threaded
Refreshing native plugins compatible for Editor in 6.32 ms, found 3 plugins.
Preloading 0 native plugins for Editor in 0.00 ms.
Initialize engine version: 6000.3.10f1 (e35f0c77bd8e)
[Subsystems] Discovering subsystems at path C:/Program Files/Unity/Hub/Editor/6000.3.10f1/Editor/Data/Resources/UnitySubsystems
[Subsystems] Discovering subsystems at path D:/SourceCode/Git/toneyisnow/PoemLinkageUnity/Assets
GfxDevice: creating device client; kGfxThreadingModeNonThreaded
Direct3D:
    Version:  Direct3D 11.0 [level 11.1]
    Renderer: NVIDIA GeForce RTX 3060 Ti (ID=0x2489)
    Vendor:   NVIDIA
    VRAM:     8024 MB
    Driver:   32.0.15.8195
Initialize mono
Mono path[0] = 'C:/Program Files/Unity/Hub/Editor/6000.3.10f1/Editor/Data/Managed'
Mono path[1] = 'C:/Program Files/Unity/Hub/Editor/6000.3.10f1/Editor/Data/MonoBleedingEdge/lib/mono/unityjit-win32'
Mono config path = 'C:/Program Files/Unity/Hub/Editor/6000.3.10f1/Editor/Data/MonoBleedingEdge/etc'
Using monoOptions --debugger-agent=transport=dt_socket,embedding=1,server=y,suspend=n,address=127.0.0.1:56800
Begin MonoManager ReloadAssembly
Registering precompiled unity dll's ...
Register platform support module: C:/Program Files/Unity/Hub/Editor/6000.3.10f1/Editor/Data/PlaybackEngines/WindowsStandaloneSupport/UnityEditor.WindowsStandalone.Extensions.dll
Register platform support module: C:/Program Files/Unity/Hub/Editor/6000.3.10f1/Editor/Data/PlaybackEngines/LinuxStandaloneSupport/UnityEditor.LinuxStandalone.Extensions.dll
Registered in 0.012184 seconds.
- Loaded All Assemblies, in  1.221 seconds
Native extension for LinuxStandalone target not found
Native extension for WindowsStandalone target not found
Package Manager log level set to [2]
[Package Manager] Failed to launch server process. Reason: Unity was launched with the -noUpm command-line argument
[Package Manager] Unable to send message (not connected to server process).
[Package Manager] Cannot connect to Unity Package Manager local server
ScheduleIndexationOnStartup MainProcess:False IndexOnStartup:True
Mono: successfully reloaded assembly
- Finished resetting the current domain, in  1.260 seconds
Domain Reload Profiling: 2440ms
	BeginReloadAssembly (421ms)
		ExecutionOrderSort (0ms)
		DisableScriptedObjects (0ms)
		BackupInstance (0ms)
		ReleaseScriptingObjects (0ms)
		CreateAndSetChildDomain (1ms)
	RebuildCommonClasses (93ms)
	RebuildNativeTypeToScriptingClass (30ms)
	initialDomainReloadingComplete (163ms)
	LoadAllAssembliesAndSetupDomain (473ms)
		LoadAssemblies (398ms)
		RebuildTransferFunctionScriptingTraits (0ms)
		AnalyzeDomain (464ms)
			TypeCache.Refresh (459ms)
				TypeCache.ScanAssembly (420ms)
			BuildScriptInfoCaches (0ms)
			ResolveRequiredComponents (2ms)
	FinalizeReload (1261ms)
		ReleaseScriptCaches (0ms)
		RebuildScriptCaches (0ms)
		SetupLoadedEditorAssemblies (1167ms)
			LogAssemblyErrors (0ms)
			InitializePlatformSupportModulesInManaged (243ms)
			SetLoadedEditorAssemblies (41ms)
			BeforeProcessingInitializeOnLoad (224ms)
			ProcessInitializeOnLoadAttributes (466ms)
			ProcessInitializeOnLoadMethodAttributes (192ms)
			AfterProcessingInitializeOnLoad (0ms)
			EditorAssembliesLoaded (0ms)
		ExecutionOrderSort2 (0ms)
		AwakeInstancesAfterBackupRestoration (0ms)
========================================================================
Worker process is ready to serve import requests
Import Worker Mode flag is 0x00
Begin MonoManager ReloadAssembly
[Licensing::Module] Licensing is not yet initialized.
[Licensing::Client] Handshaking with LicensingClient:
  Version:                 1.17.4+4293ba1
  Session Id:              66440d92493e48bfbe18a224f1c9bc3e
  Correlation Id:          cd8d914c34d5ad5c9308613dce3c48c2
  External correlation Id: 5098573861173566110
  Machine Id:              f3hYRrIusrAsabALBTt3IpKAa8I=
[Licensing::Module] Successfully connected to LicensingClient on channel: "LicenseClient-charl" (connect: 0.00s, validation: 0.01s, handshake: 5.85s)
[Licensing::IpcConnector] Successfully connected to: "LicenseClient-charl-notifications" at "2026-06-08T06:00:45.8440293Z"
[Licensing::Module] Licensing Background thread has ended after 5.87s
[Licensing::Module] Licensing is initialized (took 0.16s).
[Licensing::Client] Successfully resolved entitlement details
[Licensing::Module] License group:
  Id: F4-FP9S-NKPM-H84K-Q8N7-XXXX
  Product: Unity Personal
  Type: ULF
  Expiration: Unlimited
[Licensing::Module] License group:
  Id: 6614505-UnityPersXXXX
  Product: Unity Personal
  Type: Assigned
  Expiration: Unlimited
Assembly 'Assets/codeandweb.com/Editor/TexturePackerImporter.dll' will not be loaded due to errors:
Assembly name 'TPImporter' does not match file name 'TexturePackerImporter'
- Loaded All Assemblies, in  2.319 seconds
Refreshing native plugins compatible for Editor in 1.75 ms, found 3 plugins.
Native extension for LinuxStandalone target not found
Native extension for WindowsStandalone target not found
[Package Manager] Failed to launch server process. Reason: Unity was launched with the -noUpm command-line argument
[Package Manager] Unable to send message (not connected to server process).
[Package Manager] Cannot connect to Unity Package Manager local server
ScheduleIndexationOnStartup MainProcess:False IndexOnStartup:True
Mono: successfully reloaded assembly
- Finished resetting the current domain, in  1.715 seconds
Domain Reload Profiling: 3980ms
	BeginReloadAssembly (712ms)
		ExecutionOrderSort (0ms)
		DisableScriptedObjects (12ms)
		BackupInstance (0ms)
		ReleaseScriptingObjects (0ms)
		CreateAndSetChildDomain (87ms)
	RebuildCommonClasses (79ms)
	RebuildNativeTypeToScriptingClass (22ms)
	initialDomainReloadingComplete (127ms)
	LoadAllAssembliesAndSetupDomain (1324ms)
		LoadAssemblies (1269ms)
		RebuildTransferFunctionScriptingTraits (0ms)
		AnalyzeDomain (401ms)
			TypeCache.Refresh (333ms)
				TypeCache.ScanAssembly (307ms)
			BuildScriptInfoCaches (54ms)
			ResolveRequiredComponents (6ms)
	FinalizeReload (1716ms)
		ReleaseScriptCaches (0ms)
		RebuildScriptCaches (0ms)
		SetupLoadedEditorAssemblies (1481ms)
			LogAssemblyErrors (0ms)
			InitializePlatformSupportModulesInManaged (26ms)
			SetLoadedEditorAssemblies (10ms)
			BeforeProcessingInitializeOnLoad (487ms)
			ProcessInitializeOnLoadAttributes (746ms)
			ProcessInitializeOnLoadMethodAttributes (159ms)
			AfterProcessingInitializeOnLoad (53ms)
			EditorAssembliesLoaded (0ms)
		ExecutionOrderSort2 (0ms)
		AwakeInstancesAfterBackupRestoration (27ms)
Launched and connected shader compiler UnityShaderCompiler.exe after 0.03 seconds
Refreshing native plugins compatible for Editor in 3.23 ms, found 3 plugins.
Preloading 0 native plugins for Editor in 0.00 ms.
Unloading 0 Unused Serialized files (Serialized files now loaded: 0)
Unloading 2973 unused Assets / (0.7 MB). Loaded Objects now: 3579.
Memory consumption went from 93.2 MB to 92.5 MB.
Total: 17.237300 ms (FindLiveObjects: 1.869200 ms CreateObjectMapping: 0.796700 ms MarkObjects: 12.930200 ms  DeleteObjects: 1.639100 ms)

========================================================================
Received Import Request.
  Time since last request: 631708.145503 seconds.
  path: Assets/codeandweb.com/Editor/SettingsTexturePackerImporter.txt
  artifactKey: Guid(b80cab9ab88225b40a2c63427c14a200) Importer(2089858483,b0f066a214c2f5e87bad3c948f4d605d)
Start importing Assets/codeandweb.com/Editor/SettingsTexturePackerImporter.txt using Guid(b80cab9ab88225b40a2c63427c14a200) Importer(2089858483,b0f066a214c2f5e87bad3c948f4d605d) (ScriptedImporter) -> (artifact id: 'f3ef076fe80d1f60043c197d80f6030f') in 0.0954377 seconds
Number of updated asset objects reloaded before import = 0Number of asset objects unloaded after import = 1

========================================================================
Received Import Request.
  Time since last request: 0.000024 seconds.
  path: Assets/Images/control/puzzle-panel-large.png
  artifactKey: Guid(ad0ac395b4abbaf4991d9e8cf69edda4) Importer(2089858483,b0f066a214c2f5e87bad3c948f4d605d)
Start importing Assets/Images/control/puzzle-panel-large.png using Guid(ad0ac395b4abbaf4991d9e8cf69edda4) Importer(2089858483,b0f066a214c2f5e87bad3c948f4d605d) (ScriptedImporter) -> (artifact id: '3d8a823f1fbf9b841fbe0d1b7cf6a02b') in 0.1818408 seconds
Number of updated asset objects reloaded before import = 0Number of asset objects unloaded after import = 3

========================================================================
Received Import Request.
  Time since last request: 0.000027 seconds.
  path: Assets/Images/control/reset.png
  artifactKey: Guid(a16615b2763b5954298ddc69f7c13928) Importer(2089858483,b0f066a214c2f5e87bad3c948f4d605d)
Start importing Assets/Images/control/reset.png using Guid(a16615b2763b5954298ddc69f7c13928) Importer(2089858483,b0f066a214c2f5e87bad3c948f4d605d) (ScriptedImporter) -> (artifact id: '376565853cfb9f4a7f032920e3e11bb3') in 0.0272316 seconds
Number of updated asset objects reloaded before import = 0Number of asset objects unloaded after import = 3

========================================================================
Received Import Request.
  Time since last request: 0.000039 seconds.
  path: Assets/Images/background/select_background.png
  artifactKey: Guid(2b3222c3ccf512f4f8824ac1cf1e86b1) Importer(2089858483,b0f066a214c2f5e87bad3c948f4d605d)
Start importing Assets/Images/background/select_background.png using Guid(2b3222c3ccf512f4f8824ac1cf1e86b1) Importer(2089858483,b0f066a214c2f5e87bad3c948f4d605d) (ScriptedImporter) -> (artifact id: '0284401e4c801f78a58c457102fcbc27') in 0.0276434 seconds
Number of updated asset objects reloaded before import = 0Number of asset objects unloaded after import = 1

========================================================================
Received Import Request.
  Time since last request: 0.000166 seconds.
  path: Assets/Images/stage/stage-002-s.png
  artifactKey: Guid(eb8a0e1c697aa64449a0054a3325fe76) Importer(2089858483,b0f066a214c2f5e87bad3c948f4d605d)
Start importing Assets/Images/stage/stage-002-s.png using Guid(eb8a0e1c697aa64449a0054a3325fe76) Importer(2089858483,b0f066a214c2f5e87bad3c948f4d605d) (ScriptedImporter) -> (artifact id: 'e06978893c13f3ebf06965c767bb6ec2') in 0.0302049 seconds
Number of updated asset objects reloaded before import = 0Number of asset objects unloaded after import = 3

========================================================================
Received Import Request.
  Time since last request: 0.000028 seconds.
  path: Assets/Images/app/screenshot6.png
  artifactKey: Guid(02965f17b70c01840aac7567c6ba43d8) Importer(2089858483,b0f066a214c2f5e87bad3c948f4d605d)
Start importing Assets/Images/app/screenshot6.png using Guid(02965f17b70c01840aac7567c6ba43d8) Importer(2089858483,b0f066a214c2f5e87bad3c948f4d605d) (ScriptedImporter) -> (artifact id: '2c6eb10dd7ecaa3232cc11bd56b04995') in 0.0254488 seconds
Number of updated asset objects reloaded before import = 0Number of asset objects unloaded after import = 1

========================================================================
Received Import Request.
  Time since last request: 0.000055 seconds.
  path: Assets/Images/control/puzzle-brick-frame.png
  artifactKey: Guid(5f8809f286a395f4ea826340b9a92184) Importer(2089858483,b0f066a214c2f5e87bad3c948f4d605d)
Start importing Assets/Images/control/puzzle-brick-frame.png using Guid(5f8809f286a395f4ea826340b9a92184) Importer(2089858483,b0f066a214c2f5e87bad3c948f4d605d) (ScriptedImporter) -> (artifact id: 'c7ae5c62b9306f49c9f460126ab8de8a') in 0.0280022 seconds
Number of updated asset objects reloaded before import = 0Number of asset objects unloaded after import = 3

========================================================================
Received Import Request.
  Time since last request: 0.000026 seconds.
  path: Assets/Images/background/stage-xx7-bg-s.png
  artifactKey: Guid(5f9b13900dec96f43bbbcfd77f5a6b9b) Importer(2089858483,b0f066a214c2f5e87bad3c948f4d605d)
Start importing Assets/Images/background/stage-xx7-bg-s.png using Guid(5f9b13900dec96f43bbbcfd77f5a6b9b) Importer(2089858483,b0f066a214c2f5e87bad3c948f4d605d) (ScriptedImporter) -> (artifact id: '61b4662de2ce4d5bd9c03a6f94759086') in 0.0483594 seconds
Number of updated asset objects reloaded before import = 0Number of asset objects unloaded after import = 3

========================================================================
Received Import Request.
  Time since last request: 0.000033 seconds.
  path: Assets/Images/app/screenshot3.png
  artifactKey: Guid(373063eded8aaf14699917bcf26bdaeb) Importer(2089858483,b0f066a214c2f5e87bad3c948f4d605d)
Start importing Assets/Images/app/screenshot3.png using Guid(373063eded8aaf14699917bcf26bdaeb) Importer(2089858483,b0f066a214c2f5e87bad3c948f4d605d) (ScriptedImporter) -> (artifact id: '42f44515ba62fe1a7f59ede52e9d8102') in 0.0239068 seconds
Number of updated asset objects reloaded before import = 0Number of asset objects unloaded after import = 1

========================================================================
Received Import Request.
  Time since last request: 0.000068 seconds.
  path: Assets/Resources/images/category-title-3.png
  artifactKey: Guid(c0948c5d85f674a4684e424c3bd585de) Importer(2089858483,b0f066a214c2f5e87bad3c948f4d605d)
Start importing Assets/Resources/images/category-title-3.png using Guid(c0948c5d85f674a4684e424c3bd585de) Importer(2089858483,b0f066a214c2f5e87bad3c948f4d605d) (ScriptedImporter) -> (artifact id: 'efff5785148d64c31a2852f699a41b5f') in 0.0209003 seconds
Number of updated asset objects reloaded before import = 0Number of asset objects unloaded after import = 1

========================================================================
Received Import Request.
  Time since last request: 0.000132 seconds.
  path: Assets/Resources/images/stage_102_pre.png
  artifactKey: Guid(6a48d544efe76d941a476e7903c89d1e) Importer(2089858483,b0f066a214c2f5e87bad3c948f4d605d)
Start importing Assets/Resources/images/stage_102_pre.png using Guid(6a48d544efe76d941a476e7903c89d1e) Importer(2089858483,b0f066a214c2f5e87bad3c948f4d605d) (ScriptedImporter) -> (artifact id: '2ffc86e4f56cba2af45469d4b51cf8fb') in 0.02299 seconds
Number of updated asset objects reloaded before import = 0Number of asset objects unloaded after import = 1

========================================================================
Received Import Request.
  Time since last request: 0.000104 seconds.
  path: Assets/Resources/images/stage_103_win.png
  artifactKey: Guid(4f11f7587e9698f43ad941860c67e99e) Importer(2089858483,b0f066a214c2f5e87bad3c948f4d605d)
Start importing Assets/Resources/images/stage_103_win.png using Guid(4f11f7587e9698f43ad941860c67e99e) Importer(2089858483,b0f066a214c2f5e87bad3c948f4d605d) (ScriptedImporter) -> (artifact id: '7c423e06ae6f9c6ea8c7fc054dc044a1') in 0.0253114 seconds
Number of updated asset objects reloaded before import = 0Number of asset objects unloaded after import = 1

========================================================================
Received Import Request.
  Time since last request: 0.000091 seconds.
  path: Assets/codeandweb.com/Readme.txt
  artifactKey: Guid(bded6ee3d0f7fd54f9995756cdbd541c) Importer(2089858483,b0f066a214c2f5e87bad3c948f4d605d)
Start importing Assets/codeandweb.com/Readme.txt using Guid(bded6ee3d0f7fd54f9995756cdbd541c) Importer(2089858483,b0f066a214c2f5e87bad3c948f4d605d) (ScriptedImporter) -> (artifact id: 'b80e1867e95a43c362b0ceb9be222fe8') in 0.0081978 seconds
Number of updated asset objects reloaded before import = 0Number of asset objects unloaded after import = 1

========================================================================
Received Import Request.
  Time since last request: 0.000086 seconds.
  path: Assets/Images/background/stage-xx5-bg-s.png
  artifactKey: Guid(76b81d046f8ad5942af6077c1b16e2d3) Importer(2089858483,b0f066a214c2f5e87bad3c948f4d605d)
Start importing Assets/Images/background/stage-xx5-bg-s.png using Guid(76b81d046f8ad5942af6077c1b16e2d3) Importer(2089858483,b0f066a214c2f5e87bad3c948f4d605d) (ScriptedImporter) -> (artifact id: '77a968e1d003a084b52f769669bcff9a') in 0.0324478 seconds
Number of updated asset objects reloaded before import = 0Number of asset objects unloaded after import = 3

========================================================================
Received Import Request.
  Time since last request: 0.000019 seconds.
  path: Assets/Images/background/stage-x12-bg-s.png
  artifactKey: Guid(cd9c4c95bf28d4f4489fea9ba9760a75) Importer(2089858483,b0f066a214c2f5e87bad3c948f4d605d)
Start importing Assets/Images/background/stage-x12-bg-s.png using Guid(cd9c4c95bf28d4f4489fea9ba9760a75) Importer(2089858483,b0f066a214c2f5e87bad3c948f4d605d) (ScriptedImporter) -> (artifact id: '142f0e94d63bfa3c867a127d739074f8') in 0.0333761 seconds
Number of updated asset objects reloaded before import = 0Number of asset objects unloaded after import = 3

========================================================================
Received Import Request.
  Time since last request: 0.000032 seconds.
  path: Assets/Images/control/category-title-2.png
  artifactKey: Guid(78d77009a02627e439bf9e66a0468593) Importer(2089858483,b0f066a214c2f5e87bad3c948f4d605d)
Start importing Assets/Images/control/category-title-2.png using Guid(78d77009a02627e439bf9e66a0468593) Importer(2089858483,b0f066a214c2f5e87bad3c948f4d605d) (ScriptedImporter) -> (artifact id: '4328c9079e3db2f38ce0c4a9750eb7a8') in 0.0197699 seconds
Number of updated asset objects reloaded before import = 0Number of asset objects unloaded after import = 1

========================================================================
Received Import Request.
  Time since last request: 0.000090 seconds.
  path: Assets/Images/background/stage-x10-bg-s.png
  artifactKey: Guid(301809f3549eda947b028eab824a5c2c) Importer(2089858483,b0f066a214c2f5e87bad3c948f4d605d)
Start importing Assets/Images/background/stage-x10-bg-s.png using Guid(301809f3549eda947b028eab824a5c2c) Importer(2089858483,b0f066a214c2f5e87bad3c948f4d605d) (ScriptedImporter) -> (artifact id: '4aa099c1f52c3bd8bf493e7f591cb9ba') in 0.0345629 seconds
Number of updated asset objects reloaded before import = 0Number of asset objects unloaded after import = 3

========================================================================
Received Import Request.
  Time since last request: 0.000042 seconds.
  path: Assets/Images/control/welcom-button-0.png
  artifactKey: Guid(190a6485d5b56cb419b9cd370e86cf76) Importer(2089858483,b0f066a214c2f5e87bad3c948f4d605d)
Start importing Assets/Images/control/welcom-button-0.png using Guid(190a6485d5b56cb419b9cd370e86cf76) Importer(2089858483,b0f066a214c2f5e87bad3c948f4d605d) (ScriptedImporter) -> (artifact id: '1c74e3ee329c29448a171512e3b6183a') in 0.024949 seconds
Number of updated asset objects reloaded before import = 0Number of asset objects unloaded after import = 3

========================================================================
Received Import Request.
  Time since last request: 0.000026 seconds.
  path: Assets/Images/control/puzzle-panel-small-empty.png
  artifactKey: Guid(e796104fc21ad914b9d231ee60b6ba2f) Importer(2089858483,b0f066a214c2f5e87bad3c948f4d605d)
Start importing Assets/Images/control/puzzle-panel-small-empty.png using Guid(e796104fc21ad914b9d231ee60b6ba2f) Importer(2089858483,b0f066a214c2f5e87bad3c948f4d605d) (ScriptedImporter) -> (artifact id: '64b07b6239ee09626ca7b5d361457b53') in 0.0337967 seconds
Number of updated asset objects reloaded before import = 0Number of asset objects unloaded after import = 3

========================================================================
Received Import Request.
  Time since last request: 0.000038 seconds.
  path: Assets/Images/control/puzzle-panel-tiny.png
  artifactKey: Guid(88bcd64a43c5d74478cda93ed73f541f) Importer(2089858483,b0f066a214c2f5e87bad3c948f4d605d)
Start importing Assets/Images/control/puzzle-panel-tiny.png using Guid(88bcd64a43c5d74478cda93ed73f541f) Importer(2089858483,b0f066a214c2f5e87bad3c948f4d605d) (ScriptedImporter) -> (artifact id: 'aaf20fa6f4fd8eacb3402ee3a68d56e8') in 0.0259965 seconds
Number of updated asset objects reloaded before import = 0Number of asset objects unloaded after import = 3

========================================================================
Received Import Request.
  Time since last request: 0.000043 seconds.
  path: Assets/Resources/images/stage_107_poem.png
  artifactKey: Guid(9edee3ecc9768184fb6d8ea49274ca32) Importer(2089858483,b0f066a214c2f5e87bad3c948f4d605d)
Start importing Assets/Resources/images/stage_107_poem.png using Guid(9edee3ecc9768184fb6d8ea49274ca32) Importer(2089858483,b0f066a214c2f5e87bad3c948f4d605d) (ScriptedImporter) -> (artifact id: '8636d6be17b905c6d6b01707ea460090') in 0.0251843 seconds
Number of updated asset objects reloaded before import = 0Number of asset objects unloaded after import = 1

========================================================================
Received Import Request.
  Time since last request: 0.000088 seconds.
  path: Assets/Images/app/icon_80.png
  artifactKey: Guid(6113f116fa09bc84184b4716765b38d6) Importer(2089858483,b0f066a214c2f5e87bad3c948f4d605d)
Start importing Assets/Images/app/icon_80.png using Guid(6113f116fa09bc84184b4716765b38d6) Importer(2089858483,b0f066a214c2f5e87bad3c948f4d605d) (ScriptedImporter) -> (artifact id: '7a7937e444de1a7e76e412937c435f3a') in 0.023556 seconds
Number of updated asset objects reloaded before import = 0Number of asset objects unloaded after import = 1

========================================================================
Received Import Request.
  Time since last request: 0.000135 seconds.
  path: Assets/Images/control/lock.png
  artifactKey: Guid(37955fb86c0d0224d8b27b7e14a4aa72) Importer(2089858483,b0f066a214c2f5e87bad3c948f4d605d)
Start importing Assets/Images/control/lock.png using Guid(37955fb86c0d0224d8b27b7e14a4aa72) Importer(2089858483,b0f066a214c2f5e87bad3c948f4d605d) (ScriptedImporter) -> (artifact id: '6d8a9ed222f505280aad0d698e6eabe3') in 0.0201273 seconds
Number of updated asset objects reloaded before import = 0Number of asset objects unloaded after import = 1

========================================================================
Received Import Request.
  Time since last request: 0.000064 seconds.
  path: Assets/Images/control/puzzle-panel-large-empty.png
  artifactKey: Guid(92b52644461b9054496932111e761b3b) Importer(2089858483,b0f066a214c2f5e87bad3c948f4d605d)
Start importing Assets/Images/control/puzzle-panel-large-empty.png using Guid(92b52644461b9054496932111e761b3b) Importer(2089858483,b0f066a214c2f5e87bad3c948f4d605d) (ScriptedImporter) -> (artifact id: 'a363dd693489ae4cfbc1f6497268121a') in 0.0281677 seconds
Number of updated asset objects reloaded before import = 0Number of asset objects unloaded after import = 3

========================================================================
Received Import Request.
  Time since last request: 0.000026 seconds.
  path: Assets/Images/control/left-arrow.png
  artifactKey: Guid(c32064dddaaec804caa890cb67066205) Importer(2089858483,b0f066a214c2f5e87bad3c948f4d605d)
Start importing Assets/Images/control/left-arrow.png using Guid(c32064dddaaec804caa890cb67066205) Importer(2089858483,b0f066a214c2f5e87bad3c948f4d605d) (ScriptedImporter) -> (artifact id: '769c60811db07fc12c2b1602ff8c2d48') in 0.0229368 seconds
Number of updated asset objects reloaded before import = 0Number of asset objects unloaded after import = 3

========================================================================
Received Import Request.
  Time since last request: 0.000033 seconds.
  path: Assets/Resources/images/stage_105_full.png
  artifactKey: Guid(d67be1e131e945a46ab8768994301d5b) Importer(2089858483,b0f066a214c2f5e87bad3c948f4d605d)
Start importing Assets/Resources/images/stage_105_full.png using Guid(d67be1e131e945a46ab8768994301d5b) Importer(2089858483,b0f066a214c2f5e87bad3c948f4d605d) (ScriptedImporter) -> (artifact id: 'e1e5f43d6fd898b593189fd75920c4ff') in 0.0225264 seconds
Number of updated asset objects reloaded before import = 0Number of asset objects unloaded after import = 1

========================================================================
Received Import Request.
  Time since last request: 0.000066 seconds.
  path: Assets/Shaders/GrayScale.shader
  artifactKey: Guid(7f3dcf506c7528b4b8fbc227ce2c4139) Importer(2089858483,b0f066a214c2f5e87bad3c948f4d605d)
Start importing Assets/Shaders/GrayScale.shader using Guid(7f3dcf506c7528b4b8fbc227ce2c4139) Importer(2089858483,b0f066a214c2f5e87bad3c948f4d605d) (ScriptedImporter) -> (artifact id: '485a0be5b193453d8e0dbebfd1b3c96a') in 0.0216122 seconds
Number of updated asset objects reloaded before import = 0Number of asset objects unloaded after import = 1

========================================================================
Received Import Request.
  Time since last request: 0.000079 seconds.
  path: Assets/Prefabs/ConnectionLinkHorizion.prefab
  artifactKey: Guid(141d7c317d31ccb40a592eab90e7807c) Importer(2089858483,b0f066a214c2f5e87bad3c948f4d605d)
Start importing Assets/Prefabs/ConnectionLinkHorizion.prefab using Guid(141d7c317d31ccb40a592eab90e7807c) Importer(2089858483,b0f066a214c2f5e87bad3c948f4d605d) (ScriptedImporter) -> (artifact id: '64775bc4641e18b082560681f96757a1') in 0.022515 seconds
Number of updated asset objects reloaded before import = 0Number of asset objects unloaded after import = 9

========================================================================
Received Import Request.
  Time since last request: 0.000029 seconds.
  path: Assets/Prefabs/PuzzleBoard_Medium.prefab
  artifactKey: Guid(819effb0e51051e489af2603ae4fef92) Importer(2089858483,b0f066a214c2f5e87bad3c948f4d605d)
Start importing Assets/Prefabs/PuzzleBoard_Medium.prefab using Guid(819effb0e51051e489af2603ae4fef92) Importer(2089858483,b0f066a214c2f5e87bad3c948f4d605d) (ScriptedImporter) -> (artifact id: 'c0d44448f5e688fcd62515e7b90c1543') in 0.0129992 seconds
Number of updated asset objects reloaded before import = 0Number of asset objects unloaded after import = 14

========================================================================
Received Import Request.
  Time since last request: 0.000031 seconds.
  path: Assets/Images/control/success.png
  artifactKey: Guid(d9e4e39f47fde164b919e46190efaf62) Importer(2089858483,b0f066a214c2f5e87bad3c948f4d605d)
Start importing Assets/Images/control/success.png using Guid(d9e4e39f47fde164b919e46190efaf62) Importer(2089858483,b0f066a214c2f5e87bad3c948f4d605d) (ScriptedImporter) -> (artifact id: '7ffbceb62621701b3555760cf0c6ea61') in 0.0208807 seconds
Number of updated asset objects reloaded before import = 0Number of asset objects unloaded after import = 1

========================================================================
Received Import Request.
  Time since last request: 0.000068 seconds.
  path: Assets/Resources/images/stage_208_win.png
  artifactKey: Guid(a0b17e97c2cfb1142addfb3d1b0be95e) Importer(2089858483,b0f066a214c2f5e87bad3c948f4d605d)
Start importing Assets/Resources/images/stage_208_win.png using Guid(a0b17e97c2cfb1142addfb3d1b0be95e) Importer(2089858483,b0f066a214c2f5e87bad3c948f4d605d) (ScriptedImporter) -> (artifact id: '371e1d62c81dba6ba492df85ca4e969c') in 0.0298242 seconds
Number of updated asset objects reloaded before import = 0Number of asset objects unloaded after import = 1

========================================================================
Received Import Request.
  Time since last request: 0.000053 seconds.
  path: Assets/Resources/images/stage_306_full.png
  artifactKey: Guid(e4d64d193af52b2489aa9cdacf086e96) Importer(2089858483,b0f066a214c2f5e87bad3c948f4d605d)
Start importing Assets/Resources/images/stage_306_full.png using Guid(e4d64d193af52b2489aa9cdacf086e96) Importer(2089858483,b0f066a214c2f5e87bad3c948f4d605d) (ScriptedImporter) -> (artifact id: '8c3ec8d971cca9bff043a6125e3b3c74') in 0.0241101 seconds
Number of updated asset objects reloaded before import = 0Number of asset objects unloaded after import = 1

========================================================================
Received Import Request.
  Time since last request: 0.000105 seconds.
  path: Assets/Resources/images/stage_305_pre.png
  artifactKey: Guid(9d4f162ea2bc33b49ab9aa269743a22c) Importer(2089858483,b0f066a214c2f5e87bad3c948f4d605d)
Start importing Assets/Resources/images/stage_305_pre.png using Guid(9d4f162ea2bc33b49ab9aa269743a22c) Importer(2089858483,b0f066a214c2f5e87bad3c948f4d605d) (ScriptedImporter) -> (artifact id: 'de668af5a94e75cb6078a448f90bc500') in 0.0193536 seconds
Number of updated asset objects reloaded before import = 0Number of asset objects unloaded after import = 1

========================================================================
Received Import Request.
  Time since last request: 0.000075 seconds.
  path: Assets/Resources/images/stage_301_win.png
  artifactKey: Guid(9631a7841ece6794eaaf66faa6173227) Importer(2089858483,b0f066a214c2f5e87bad3c948f4d605d)
Start importing Assets/Resources/images/stage_301_win.png using Guid(9631a7841ece6794eaaf66faa6173227) Importer(2089858483,b0f066a214c2f5e87bad3c948f4d605d) (ScriptedImporter) -> (artifact id: '3c555b9dd327fa705df36347fa5ff150') in 0.0264773 seconds
Number of updated asset objects reloaded before import = 0Number of asset objects unloaded after import = 1

========================================================================
Received Import Request.
  Time since last request: 0.000185 seconds.
  path: Assets/Resources/images/stage_304_poem.png
  artifactKey: Guid(8f82dea5fc4fdef438661877d0b2f435) Importer(2089858483,b0f066a214c2f5e87bad3c948f4d605d)
Start importing Assets/Resources/images/stage_304_poem.png using Guid(8f82dea5fc4fdef438661877d0b2f435) Importer(2089858483,b0f066a214c2f5e87bad3c948f4d605d) (ScriptedImporter) -> (artifact id: '4923fcbb6c1b452469393a5b859294fc') in 0.0189262 seconds
Number of updated asset objects reloaded before import = 0Number of asset objects unloaded after import = 1

========================================================================
Received Import Request.
  Time since last request: 0.000069 seconds.
  path: Assets/Resources/images/stage_303_poem.png
  artifactKey: Guid(3feb35752ae71644994d9819bbf01065) Importer(2089858483,b0f066a214c2f5e87bad3c948f4d605d)
Start importing Assets/Resources/images/stage_303_poem.png using Guid(3feb35752ae71644994d9819bbf01065) Importer(2089858483,b0f066a214c2f5e87bad3c948f4d605d) (ScriptedImporter) -> (artifact id: '771084f50f269774c302c707bd487220') in 0.0198534 seconds
Number of updated asset objects reloaded before import = 0Number of asset objects unloaded after import = 1

========================================================================
Received Import Request.
  Time since last request: 0.000074 seconds.
  path: Assets/Resources/images/stage_202_poem.png
  artifactKey: Guid(674c15b6e2aafcd478169f05bf74ef45) Importer(2089858483,b0f066a214c2f5e87bad3c948f4d605d)
Start importing Assets/Resources/images/stage_202_poem.png using Guid(674c15b6e2aafcd478169f05bf74ef45) Importer(2089858483,b0f066a214c2f5e87bad3c948f4d605d) (ScriptedImporter) -> (artifact id: '8577362f767f5172344745e78433599a') in 0.0207643 seconds
Number of updated asset objects reloaded before import = 0Number of asset objects unloaded after import = 1

========================================================================
Received Import Request.
  Time since last request: 0.000201 seconds.
  path: Assets/Resources/images/stage_203_poem.png
  artifactKey: Guid(69ddffbd0d34eb049b268e19c8677467) Importer(2089858483,b0f066a214c2f5e87bad3c948f4d605d)
Start importing Assets/Resources/images/stage_203_poem.png using Guid(69ddffbd0d34eb049b268e19c8677467) Importer(2089858483,b0f066a214c2f5e87bad3c948f4d605d) (ScriptedImporter) -> (artifact id: 'd3b3259eea200acb9c79a531a1478eb9') in 0.0231833 seconds
Number of updated asset objects reloaded before import = 0Number of asset objects unloaded after import = 1

========================================================================
Received Import Request.
  Time since last request: 0.000089 seconds.
  path: Assets/Resources/images/stage_308_poem.png
  artifactKey: Guid(d5c1e3a674a3fbf4da7be06d50e2afef) Importer(2089858483,b0f066a214c2f5e87bad3c948f4d605d)
Start importing Assets/Resources/images/stage_308_poem.png using Guid(d5c1e3a674a3fbf4da7be06d50e2afef) Importer(2089858483,b0f066a214c2f5e87bad3c948f4d605d) (ScriptedImporter) -> (artifact id: '7c59e65506df390a8607483760bae175') in 0.02086 seconds
Number of updated asset objects reloaded before import = 0Number of asset objects unloaded after import = 1

========================================================================
Received Import Request.
  Time since last request: 0.000191 seconds.
  path: Assets/Resources/images/stage_205_win.png
  artifactKey: Guid(be27b3d6606733b45a99ad4a5a4998c8) Importer(2089858483,b0f066a214c2f5e87bad3c948f4d605d)
Start importing Assets/Resources/images/stage_205_win.png using Guid(be27b3d6606733b45a99ad4a5a4998c8) Importer(2089858483,b0f066a214c2f5e87bad3c948f4d605d) (ScriptedImporter) -> (artifact id: '7ef441b71f46082afeeacce80f57f952') in 0.0231355 seconds
Number of updated asset objects reloaded before import = 0Number of asset objects unloaded after import = 1

========================================================================
Received Import Request.
  Time since last request: 0.000248 seconds.
  path: Assets/Resources/images/stage_308_win.png
  artifactKey: Guid(e6b68adce76d34f4eb7ec55396446200) Importer(2089858483,b0f066a214c2f5e87bad3c948f4d605d)
Start importing Assets/Resources/images/stage_308_win.png using Guid(e6b68adce76d34f4eb7ec55396446200) Importer(2089858483,b0f066a214c2f5e87bad3c948f4d605d) (ScriptedImporter) -> (artifact id: '22364a578c81b01182c087e0ed274e2c') in 0.0224492 seconds
Number of updated asset objects reloaded before import = 0Number of asset objects unloaded after import = 1

========================================================================
Received Import Request.
  Time since last request: 0.000056 seconds.
  path: Assets/Resources/images/stage_208_poem.png
  artifactKey: Guid(dd46dcb286398174686f5c21377b02be) Importer(2089858483,b0f066a214c2f5e87bad3c948f4d605d)
Start importing Assets/Resources/images/stage_208_poem.png using Guid(dd46dcb286398174686f5c21377b02be) Importer(2089858483,b0f066a214c2f5e87bad3c948f4d605d) (ScriptedImporter) -> (artifact id: '1601a265ce7795ef8fd10fd886fe415a') in 0.0234135 seconds
Number of updated asset objects reloaded before import = 0Number of asset objects unloaded after import = 1

========================================================================
Received Import Request.
  Time since last request: 0.000066 seconds.
  path: Assets/Resources/images/stage_308_full.png
  artifactKey: Guid(1572049828ab6ad48af27821ccdab4f9) Importer(2089858483,b0f066a214c2f5e87bad3c948f4d605d)
Start importing Assets/Resources/images/stage_308_full.png using Guid(1572049828ab6ad48af27821ccdab4f9) Importer(2089858483,b0f066a214c2f5e87bad3c948f4d605d) (ScriptedImporter) -> (artifact id: 'b52851d9f1812125b4b060718a107a7f') in 0.0241514 seconds
Number of updated asset objects reloaded before import = 0Number of asset objects unloaded after import = 1

========================================================================
Received Import Request.
  Time since last request: 0.000133 seconds.
  path: Assets/Resources/images/stage_109_pre.png
  artifactKey: Guid(4d285ea2f3899d44aa443d6bf406a66b) Importer(2089858483,b0f066a214c2f5e87bad3c948f4d605d)
Start importing Assets/Resources/images/stage_109_pre.png using Guid(4d285ea2f3899d44aa443d6bf406a66b) Importer(2089858483,b0f066a214c2f5e87bad3c948f4d605d) (ScriptedImporter) -> (artifact id: 'fbc0bce075d0161de185db92048c4276') in 0.0214524 seconds
Number of updated asset objects reloaded before import = 0Number of asset objects unloaded after import = 1

========================================================================
Received Import Request.
  Time since last request: 0.000172 seconds.
  path: Assets/Resources/images/stage_209_win.png
  artifactKey: Guid(e188c8659b1998847865c9c38b657e7e) Importer(2089858483,b0f066a214c2f5e87bad3c948f4d605d)
Start importing Assets/Resources/images/stage_209_win.png using Guid(e188c8659b1998847865c9c38b657e7e) Importer(2089858483,b0f066a214c2f5e87bad3c948f4d605d) (ScriptedImporter) -> (artifact id: 'ad8371249fcb3658a775d95d307b4438') in 0.0232551 seconds
Number of updated asset objects reloaded before import = 0Number of asset objects unloaded after import = 1

========================================================================
Received Import Request.
  Time since last request: 0.000092 seconds.
  path: Assets/Resources/images/stage_302_win.png
  artifactKey: Guid(e49c5e710d3fac3489f598db8445d7bf) Importer(2089858483,b0f066a214c2f5e87bad3c948f4d605d)
Start importing Assets/Resources/images/stage_302_win.png using Guid(e49c5e710d3fac3489f598db8445d7bf) Importer(2089858483,b0f066a214c2f5e87bad3c948f4d605d) (ScriptedImporter) -> (artifact id: '431aca27052f7e98df5ea9295afa7a3e') in 0.02684 seconds
Number of updated asset objects reloaded before import = 0Number of asset objects unloaded after import = 1

========================================================================
Received Import Request.
  Time since last request: 0.000086 seconds.
  path: Assets/Resources/images/stage_202_full.png
  artifactKey: Guid(15a7f435c882971408695f152a122fa2) Importer(2089858483,b0f066a214c2f5e87bad3c948f4d605d)
Start importing Assets/Resources/images/stage_202_full.png using Guid(15a7f435c882971408695f152a122fa2) Importer(2089858483,b0f066a214c2f5e87bad3c948f4d605d) (ScriptedImporter) -> (artifact id: '4371bdbb1c3f86db6e2d3900fad014f4') in 0.0319706 seconds
Number of updated asset objects reloaded before import = 0Number of asset objects unloaded after import = 1

========================================================================
Received Import Request.
  Time since last request: 0.000109 seconds.
  path: Assets/Resources/images/stage_201_win.png
  artifactKey: Guid(e8daa25e1bf9f5e4c99d0a8b1fde6300) Importer(2089858483,b0f066a214c2f5e87bad3c948f4d605d)
Start importing Assets/Resources/images/stage_201_win.png using Guid(e8daa25e1bf9f5e4c99d0a8b1fde6300) Importer(2089858483,b0f066a214c2f5e87bad3c948f4d605d) (ScriptedImporter) -> (artifact id: '0d9c7ce462095730b6381c59c60bfc42') in 0.0315873 seconds
Number of updated asset objects reloaded before import = 0Number of asset objects unloaded after import = 1

========================================================================
Received Import Request.
  Time since last request: 0.000102 seconds.
  path: Assets/Prefabs/HintBoard_4_5.prefab
  artifactKey: Guid(2d5492b451ae2b243966c2be00c0e512) Importer(2089858483,b0f066a214c2f5e87bad3c948f4d605d)
Start importing Assets/Prefabs/HintBoard_4_5.prefab using Guid(2d5492b451ae2b243966c2be00c0e512) Importer(2089858483,b0f066a214c2f5e87bad3c948f4d605d) (ScriptedImporter) -> (artifact id: '431e6fd615f6aeb083c104ce929408fe') in 0.012593 seconds
Number of updated asset objects reloaded before import = 0Number of asset objects unloaded after import = 14

========================================================================
Received Import Request.
  Time since last request: 0.000039 seconds.
  path: Assets/Scenes/PrologueScene.unity
  artifactKey: Guid(678c185fcfec885428d3148e3b8dfb1a) Importer(2089858483,b0f066a214c2f5e87bad3c948f4d605d)
Start importing Assets/Scenes/PrologueScene.unity using Guid(678c185fcfec885428d3148e3b8dfb1a) Importer(2089858483,b0f066a214c2f5e87bad3c948f4d605d) (ScriptedImporter) -> (artifact id: '5f4bdb711707c5e9a7d060f09496d9db') in 0.0109774 seconds
Number of updated asset objects reloaded before import = 0Number of asset objects unloaded after import = 1

========================================================================
Received Import Request.
  Time since last request: 0.000132 seconds.
  path: Assets/Images/background/stage-xx1-bg-s.png
  artifactKey: Guid(2d86a91ed1b5b19499c478d61c84a224) Importer(2089858483,b0f066a214c2f5e87bad3c948f4d605d)
Start importing Assets/Images/background/stage-xx1-bg-s.png using Guid(2d86a91ed1b5b19499c478d61c84a224) Importer(2089858483,b0f066a214c2f5e87bad3c948f4d605d) (ScriptedImporter) -> (artifact id: 'd01eb495da373b08b0ec60ec640f88f4') in 0.0465135 seconds
Number of updated asset objects reloaded before import = 0Number of asset objects unloaded after import = 3

========================================================================
Received Import Request.
  Time since last request: 0.000030 seconds.
  path: Assets/Resources/images/stage_301_full.png
  artifactKey: Guid(4ada82e813cf7b14689a121a0ece0a6c) Importer(2089858483,b0f066a214c2f5e87bad3c948f4d605d)
Start importing Assets/Resources/images/stage_301_full.png using Guid(4ada82e813cf7b14689a121a0ece0a6c) Importer(2089858483,b0f066a214c2f5e87bad3c948f4d605d) (ScriptedImporter) -> (artifact id: 'b36d3a12947853e95570f5d99e42e663') in 0.0249448 seconds
Number of updated asset objects reloaded before import = 0Number of asset objects unloaded after import = 1

========================================================================
Received Import Request.
  Time since last request: 0.000120 seconds.
  path: Assets/Resources/stages/stage_306.def
  artifactKey: Guid(7e791736a6886974b9814038e646d983) Importer(2089858483,b0f066a214c2f5e87bad3c948f4d605d)
Start importing Assets/Resources/stages/stage_306.def using Guid(7e791736a6886974b9814038e646d983) Importer(2089858483,b0f066a214c2f5e87bad3c948f4d605d) (ScriptedImporter) -> (artifact id: '3c3f6d00fa9267f4b5cf29d255b80132') in 0.0080141 seconds
Number of updated asset objects reloaded before import = 0Number of asset objects unloaded after import = 1

========================================================================
Received Import Request.
  Time since last request: 0.000074 seconds.
  path: Assets/Resources/stages/stage_101.json
  artifactKey: Guid(67c482e5c473c67498dc39a0403764dc) Importer(2089858483,b0f066a214c2f5e87bad3c948f4d605d)
Start importing Assets/Resources/stages/stage_101.json using Guid(67c482e5c473c67498dc39a0403764dc) Importer(2089858483,b0f066a214c2f5e87bad3c948f4d605d) (ScriptedImporter) -> (artifact id: 'bf3cd660c1164e4c9bf64eb85e7ca03d') in 0.0092775 seconds
Number of updated asset objects reloaded before import = 0Number of asset objects unloaded after import = 1

========================================================================
Received Import Request.
  Time since last request: 0.000032 seconds.
  path: Assets/Resources/images/stage_309_poem.png
  artifactKey: Guid(e54f9043f8cf48748b9b2c101404de4e) Importer(2089858483,b0f066a214c2f5e87bad3c948f4d605d)
Start importing Assets/Resources/images/stage_309_poem.png using Guid(e54f9043f8cf48748b9b2c101404de4e) Importer(2089858483,b0f066a214c2f5e87bad3c948f4d605d) (ScriptedImporter) -> (artifact id: 'a0ace01e97a5cb07488b620836a0625c') in 0.0243859 seconds
Number of updated asset objects reloaded before import = 0Number of asset objects unloaded after import = 1

========================================================================
Received Import Request.
  Time since last request: 0.000103 seconds.
  path: Assets/Resources/stages/stage_303.json
  artifactKey: Guid(f0e65db249949ed42998d1b41f21fc18) Importer(2089858483,b0f066a214c2f5e87bad3c948f4d605d)
Start importing Assets/Resources/stages/stage_303.json using Guid(f0e65db249949ed42998d1b41f21fc18) Importer(2089858483,b0f066a214c2f5e87bad3c948f4d605d) (ScriptedImporter) -> (artifact id: '49b93d164edce20602a627bc7a2ae575') in 0.0073663 seconds
Number of updated asset objects reloaded before import = 0Number of asset objects unloaded after import = 1

========================================================================
Received Import Request.
  Time since last request: 0.000055 seconds.
  path: Assets/Resources/mp3/bg_309.mp3
  artifactKey: Guid(611098a1c6018074199feb60eeb2e2db) Importer(2089858483,b0f066a214c2f5e87bad3c948f4d605d)
Start importing Assets/Resources/mp3/bg_309.mp3 using Guid(611098a1c6018074199feb60eeb2e2db) Importer(2089858483,b0f066a214c2f5e87bad3c948f4d605d) (ScriptedImporter) -> (artifact id: 'd328cc8fbedbfab9d45fc1ffc6763fe2') in 0.0888876 seconds
Number of updated asset objects reloaded before import = 0Number of asset objects unloaded after import = 1

========================================================================
Received Import Request.
  Time since last request: 0.000087 seconds.
  path: Assets/Resources/mp3/bg_208.mp3
  artifactKey: Guid(23908366cc7a30a4493d9036c140f9cf) Importer(2089858483,b0f066a214c2f5e87bad3c948f4d605d)
Start importing Assets/Resources/mp3/bg_208.mp3 using Guid(23908366cc7a30a4493d9036c140f9cf) Importer(2089858483,b0f066a214c2f5e87bad3c948f4d605d) (ScriptedImporter) -> (artifact id: '60a440f4a539ba1700dd31e8d3603927') in 0.0448431 seconds
Number of updated asset objects reloaded before import = 0Number of asset objects unloaded after import = 1

========================================================================
Received Import Request.
  Time since last request: 0.000078 seconds.
  path: Assets/Resources/mp3/bg_303.mp3
  artifactKey: Guid(b569590566e38464ebd104f21726787d) Importer(2089858483,b0f066a214c2f5e87bad3c948f4d605d)
Start importing Assets/Resources/mp3/bg_303.mp3 using Guid(b569590566e38464ebd104f21726787d) Importer(2089858483,b0f066a214c2f5e87bad3c948f4d605d) (ScriptedImporter) -> (artifact id: '4543a7e7cd0134f23b65aabe6c9664e4') in 0.0690364 seconds
Number of updated asset objects reloaded before import = 0Number of asset objects unloaded after import = 1

========================================================================
Received Import Request.
  Time since last request: 0.000022 seconds.
  path: Assets/Resources/mp3/bg_108.mp3
  artifactKey: Guid(16c3811eaa967614c8e29fd0bf854ac0) Importer(2089858483,b0f066a214c2f5e87bad3c948f4d605d)
Start importing Assets/Resources/mp3/bg_108.mp3 using Guid(16c3811eaa967614c8e29fd0bf854ac0) Importer(2089858483,b0f066a214c2f5e87bad3c948f4d605d) (ScriptedImporter) -> (artifact id: '3977489542f00b7d98e6b4b534b614c1') in 0.077319 seconds
Number of updated asset objects reloaded before import = 0Number of asset objects unloaded after import = 1

========================================================================
Received Import Request.
  Time since last request: 0.000089 seconds.
  path: Assets/Resources/mp3/bg_209.mp3
  artifactKey: Guid(1c68cafe210f54243be1f5aed2115d72) Importer(2089858483,b0f066a214c2f5e87bad3c948f4d605d)
Start importing Assets/Resources/mp3/bg_209.mp3 using Guid(1c68cafe210f54243be1f5aed2115d72) Importer(2089858483,b0f066a214c2f5e87bad3c948f4d605d) (ScriptedImporter) -> (artifact id: '1bf8a2b970739b41f0d37d2b463adce1') in 0.0798735 seconds
Number of updated asset objects reloaded before import = 0Number of asset objects unloaded after import = 1

========================================================================
Received Import Request.
  Time since last request: 0.000115 seconds.
  path: Assets/Resources/mp3/bg_109.mp3
  artifactKey: Guid(bc0cf4b324244cf448d8a1cb91ae1d11) Importer(2089858483,b0f066a214c2f5e87bad3c948f4d605d)
Start importing Assets/Resources/mp3/bg_109.mp3 using Guid(bc0cf4b324244cf448d8a1cb91ae1d11) Importer(2089858483,b0f066a214c2f5e87bad3c948f4d605d) (ScriptedImporter) -> (artifact id: '7b284d0c1530a059e79a141bb8ee65cb') in 0.0777113 seconds
Number of updated asset objects reloaded before import = 0Number of asset objects unloaded after import = 1

========================================================================
Received Import Request.
  Time since last request: 0.000043 seconds.
  path: Assets/Scripts/Components/StageRecord.cs
  artifactKey: Guid(89279a8d5f3563e4e8c7e75f12d927db) Importer(2089858483,b0f066a214c2f5e87bad3c948f4d605d)
Start importing Assets/Scripts/Components/StageRecord.cs using Guid(89279a8d5f3563e4e8c7e75f12d927db) Importer(2089858483,b0f066a214c2f5e87bad3c948f4d605d) (ScriptedImporter) -> (artifact id: '0aff32def5e372ccf3363fd51c549e8f') in 0.0092038 seconds
Number of updated asset objects reloaded before import = 0Number of asset objects unloaded after import = 0

========================================================================
Received Import Request.
  Time since last request: 0.000096 seconds.
  path: Assets/Scripts/UI/Activities/ShowRevealedActivity.cs
  artifactKey: Guid(56ffd7e9a875b5d45a049a5e3e123c89) Importer(2089858483,b0f066a214c2f5e87bad3c948f4d605d)
Start importing Assets/Scripts/UI/Activities/ShowRevealedActivity.cs using Guid(56ffd7e9a875b5d45a049a5e3e123c89) Importer(2089858483,b0f066a214c2f5e87bad3c948f4d605d) (ScriptedImporter) -> (artifact id: '5331b8a00cb50db87a1c7bf031825c8b') in 0.0078547 seconds
Number of updated asset objects reloaded before import = 0Number of asset objects unloaded after import = 0

========================================================================
Received Import Request.
  Time since last request: 0.000113 seconds.
  path: Assets/Resources/characters/fzlb/fzlb_02.tpsheet
  artifactKey: Guid(c3096cfe5ab880d4ea24fa9b978c9b1b) Importer(2089858483,b0f066a214c2f5e87bad3c948f4d605d)
Start importing Assets/Resources/characters/fzlb/fzlb_02.tpsheet using Guid(c3096cfe5ab880d4ea24fa9b978c9b1b) Importer(2089858483,b0f066a214c2f5e87bad3c948f4d605d) (ScriptedImporter) -> (artifact id: 'aababc5c3f3f23f32522ddecc3e369b0') in 0.011724 seconds
Number of updated asset objects reloaded before import = 0Number of asset objects unloaded after import = 1

========================================================================
Received Import Request.
  Time since last request: 0.000164 seconds.
  path: Assets/Resources/characters/fzlb/fzlb_03.png
  artifactKey: Guid(7e0bfc7536870ba4b85fb79146e1395c) Importer(2089858483,b0f066a214c2f5e87bad3c948f4d605d)
Start importing Assets/Resources/characters/fzlb/fzlb_03.png using Guid(7e0bfc7536870ba4b85fb79146e1395c) Importer(2089858483,b0f066a214c2f5e87bad3c948f4d605d) (ScriptedImporter) -> (artifact id: '9e7f4216c7e1538465c9754d163ead97') in 0.0280098 seconds
Number of updated asset objects reloaded before import = 0Number of asset objects unloaded after import = 1

========================================================================
Received Import Request.
  Time since last request: 0.000070 seconds.
  path: Assets/Resources/characters/fzlb/fzlb_02.png
  artifactKey: Guid(95c2c9cc020904b49bfbef2896bebd3c) Importer(2089858483,b0f066a214c2f5e87bad3c948f4d605d)
Start importing Assets/Resources/characters/fzlb/fzlb_02.png using Guid(95c2c9cc020904b49bfbef2896bebd3c) Importer(2089858483,b0f066a214c2f5e87bad3c948f4d605d) (ScriptedImporter) -> (artifact id: '7a3eb1c6f91fae439612600d5df1e1ca') in 0.028161 seconds
Number of updated asset objects reloaded before import = 0Number of asset objects unloaded after import = 1

========================================================================
Received Import Request.
  Time since last request: 0.000094 seconds.
  path: Assets/Images/background/bigsize/stage-x15-bg.png
  artifactKey: Guid(6b31eed21a7bf974eb71566d95ce0123) Importer(2089858483,b0f066a214c2f5e87bad3c948f4d605d)
Start importing Assets/Images/background/bigsize/stage-x15-bg.png using Guid(6b31eed21a7bf974eb71566d95ce0123) Importer(2089858483,b0f066a214c2f5e87bad3c948f4d605d) (ScriptedImporter) -> (artifact id: '521470bb1258998aea1eeb6ecff08545') in 0.0340244 seconds
Number of updated asset objects reloaded before import = 0Number of asset objects unloaded after import = 3

========================================================================
Received Import Request.
  Time since last request: 0.000050 seconds.
  path: Assets/Scripts/UI/Controls/PuzzleNodeRenderer.cs
  artifactKey: Guid(96cb8ff58e9073646b3ba02c55a058ac) Importer(2089858483,b0f066a214c2f5e87bad3c948f4d605d)
Start importing Assets/Scripts/UI/Controls/PuzzleNodeRenderer.cs using Guid(96cb8ff58e9073646b3ba02c55a058ac) Importer(2089858483,b0f066a214c2f5e87bad3c948f4d605d) (ScriptedImporter) -> (artifact id: '61cf418c2604c1449045025bf18e091c') in 0.0111693 seconds
Number of updated asset objects reloaded before import = 0Number of asset objects unloaded after import = 0

========================================================================
Received Import Request.
  Time since last request: 0.000187 seconds.
  path: Assets/Images/background/bigsize/stage-x14-bg.png
  artifactKey: Guid(5c9841222451d0740a3161ca2485cd43) Importer(2089858483,b0f066a214c2f5e87bad3c948f4d605d)
Start importing Assets/Images/background/bigsize/stage-x14-bg.png using Guid(5c9841222451d0740a3161ca2485cd43) Importer(2089858483,b0f066a214c2f5e87bad3c948f4d605d) (ScriptedImporter) -> (artifact id: '7201d8116023e3540540896506f83fd6') in 0.0377439 seconds
Number of updated asset objects reloaded before import = 0Number of asset objects unloaded after import = 3

========================================================================
Received Import Request.
  Time since last request: 0.000029 seconds.
  path: Assets/Images/background/bigsize/welcome-bg.png
  artifactKey: Guid(f5d1315d1a299ad45bd252118c60f437) Importer(2089858483,b0f066a214c2f5e87bad3c948f4d605d)
Start importing Assets/Images/background/bigsize/welcome-bg.png using Guid(f5d1315d1a299ad45bd252118c60f437) Importer(2089858483,b0f066a214c2f5e87bad3c948f4d605d) (ScriptedImporter) -> (artifact id: 'f0999626fe24e3b29edfb80e415ce189') in 0.0337662 seconds
Number of updated asset objects reloaded before import = 0Number of asset objects unloaded after import = 3

========================================================================
Received Import Request.
  Time since last request: 0.000027 seconds.
  path: Assets/Images/background/bigsize/stage-xx4-bg.png
  artifactKey: Guid(482b154ba46ba894aa371d58661e9ef6) Importer(2089858483,b0f066a214c2f5e87bad3c948f4d605d)
Start importing Assets/Images/background/bigsize/stage-xx4-bg.png using Guid(482b154ba46ba894aa371d58661e9ef6) Importer(2089858483,b0f066a214c2f5e87bad3c948f4d605d) (ScriptedImporter) -> (artifact id: 'ba60b6f90785a29d660ac91e7d6ee37c') in 0.0318284 seconds
Number of updated asset objects reloaded before import = 0Number of asset objects unloaded after import = 3

========================================================================
Received Import Request.
  Time since last request: 0.000033 seconds.
  path: Assets/Scripts/UI/Activities/FadeInActivity.cs
  artifactKey: Guid(2bb5b44d7314f0846947ad79d413dd1f) Importer(2089858483,b0f066a214c2f5e87bad3c948f4d605d)
Start importing Assets/Scripts/UI/Activities/FadeInActivity.cs using Guid(2bb5b44d7314f0846947ad79d413dd1f) Importer(2089858483,b0f066a214c2f5e87bad3c948f4d605d) (ScriptedImporter) -> (artifact id: '07ab68b60412f35f795c9635b93d7770') in 0.0090368 seconds
Number of updated asset objects reloaded before import = 0Number of asset objects unloaded after import = 0

========================================================================
Received Import Request.
  Time since last request: 0.000124 seconds.
  path: Assets/Resources/characters/fzlb/fzlb_01.tpsheet
  artifactKey: Guid(1dd307a353f8d7e45a9f093dcc39db38) Importer(2089858483,b0f066a214c2f5e87bad3c948f4d605d)
Start importing Assets/Resources/characters/fzlb/fzlb_01.tpsheet using Guid(1dd307a353f8d7e45a9f093dcc39db38) Importer(2089858483,b0f066a214c2f5e87bad3c948f4d605d) (ScriptedImporter) -> (artifact id: 'f43ceece7089ea6cb91f157b9d447e1d') in 0.0073795 seconds
Number of updated asset objects reloaded before import = 0Number of asset objects unloaded after import = 1

========================================================================
Received Import Request.
  Time since last request: 0.000368 seconds.
  path: Assets/Scripts/UI/Activities/ActivityManager.cs
  artifactKey: Guid(d7b1f1edf2e39574698706053f88a209) Importer(2089858483,b0f066a214c2f5e87bad3c948f4d605d)
Start importing Assets/Scripts/UI/Activities/ActivityManager.cs using Guid(d7b1f1edf2e39574698706053f88a209) Importer(2089858483,b0f066a214c2f5e87bad3c948f4d605d) (ScriptedImporter) -> (artifact id: 'a96f4c9bc0d992d888f75c600493a3e5') in 0.0073231 seconds
Number of updated asset objects reloaded before import = 0Number of asset objects unloaded after import = 0

========================================================================
Received Import Request.
  Time since last request: 0.000127 seconds.
  path: Assets/Resources/stages/stage_305.json
  artifactKey: Guid(fe482ecb8c3bb6a4fa1afa88583ca4ff) Importer(2089858483,b0f066a214c2f5e87bad3c948f4d605d)
Start importing Assets/Resources/stages/stage_305.json using Guid(fe482ecb8c3bb6a4fa1afa88583ca4ff) Importer(2089858483,b0f066a214c2f5e87bad3c948f4d605d) (ScriptedImporter) -> (artifact id: 'ad0963701239a93f12fdef7672b5a8d9') in 0.0080224 seconds
Number of updated asset objects reloaded before import = 0Number of asset objects unloaded after import = 1

========================================================================
Received Import Request.
  Time since last request: 0.000056 seconds.
  path: Assets/Images/background/bigsize/stage-xx6-bg.png
  artifactKey: Guid(25490ae6442d9c44e96c83d5f598efbf) Importer(2089858483,b0f066a214c2f5e87bad3c948f4d605d)
Start importing Assets/Images/background/bigsize/stage-xx6-bg.png using Guid(25490ae6442d9c44e96c83d5f598efbf) Importer(2089858483,b0f066a214c2f5e87bad3c948f4d605d) (ScriptedImporter) -> (artifact id: '7c421deaa1575f2cb1c886297a654feb') in 0.0328823 seconds
Number of updated asset objects reloaded before import = 0Number of asset objects unloaded after import = 3

========================================================================
Received Import Request.
  Time since last request: 0.000025 seconds.
  path: Assets/Images/background/bigsize/stage-xx9-bg.png
  artifactKey: Guid(f732e20abdc35974595d117b14b84692) Importer(2089858483,b0f066a214c2f5e87bad3c948f4d605d)
Start importing Assets/Images/background/bigsize/stage-xx9-bg.png using Guid(f732e20abdc35974595d117b14b84692) Importer(2089858483,b0f066a214c2f5e87bad3c948f4d605d) (ScriptedImporter) -> (artifact id: '0118354a163726417889d8e097908f09') in 0.0317188 seconds
Number of updated asset objects reloaded before import = 0Number of asset objects unloaded after import = 3

========================================================================
Received Import Request.
  Time since last request: 0.000031 seconds.
  path: Assets/Resources/mp3/bg_107.mp3
  artifactKey: Guid(25bdd63336c7b0c4d91ba20b9b10a336) Importer(2089858483,b0f066a214c2f5e87bad3c948f4d605d)
Start importing Assets/Resources/mp3/bg_107.mp3 using Guid(25bdd63336c7b0c4d91ba20b9b10a336) Importer(2089858483,b0f066a214c2f5e87bad3c948f4d605d) (ScriptedImporter) -> (artifact id: '247c731f77c66e59cc8f7630f5ad3f05') in 0.0784285 seconds
Number of updated asset objects reloaded before import = 0Number of asset objects unloaded after import = 1

========================================================================
Received Import Request.
  Time since last request: 0.000081 seconds.
  path: Assets/Resources/mp3/bg_306.mp3
  artifactKey: Guid(3bb944b3bf962c042b3fa11221ab0de3) Importer(2089858483,b0f066a214c2f5e87bad3c948f4d605d)
Start importing Assets/Resources/mp3/bg_306.mp3 using Guid(3bb944b3bf962c042b3fa11221ab0de3) Importer(2089858483,b0f066a214c2f5e87bad3c948f4d605d) (ScriptedImporter) -> (artifact id: '4a504cd5ae5ba440b5c835d979e09768') in 0.0398095 seconds
Number of updated asset objects reloaded before import = 0Number of asset objects unloaded after import = 1

========================================================================
Received Import Request.
  Time since last request: 0.000188 seconds.
  path: Assets/Resources/mp3/bg_101~1.mp3
  artifactKey: Guid(683d1e7dd5fc2a640b9799a8e43dc54a) Importer(2089858483,b0f066a214c2f5e87bad3c948f4d605d)
Start importing Assets/Resources/mp3/bg_101~1.mp3 using Guid(683d1e7dd5fc2a640b9799a8e43dc54a) Importer(2089858483,b0f066a214c2f5e87bad3c948f4d605d) (ScriptedImporter) -> (artifact id: '6b914b5b8e8452dcd4356bb869389882') in 0.089358 seconds
Number of updated asset objects reloaded before import = 0Number of asset objects unloaded after import = 1

========================================================================
Received Import Request.
  Time since last request: 0.000110 seconds.
  path: Assets/Scripts/UI/Scenes/obj/Debug/net10.0/SelectCategoryScene.AssemblyInfo.cs
  artifactKey: Guid(e6d1593c2e0a94849b6ff8a84773247f) Importer(2089858483,b0f066a214c2f5e87bad3c948f4d605d)
Start importing Assets/Scripts/UI/Scenes/obj/Debug/net10.0/SelectCategoryScene.AssemblyInfo.cs using Guid(e6d1593c2e0a94849b6ff8a84773247f) Importer(2089858483,b0f066a214c2f5e87bad3c948f4d605d) (ScriptedImporter) -> (artifact id: '3487ebff5a6b89ca6515376c46479d3a') in 0.0091245 seconds
Number of updated asset objects reloaded before import = 0Number of asset objects unloaded after import = 0

========================================================================
Received Import Request.
  Time since last request: 0.000295 seconds.
  path: Assets/Scripts/UI/Scenes/obj/Debug/net10.0/SelectCategoryScene.GlobalUsings.g.cs
  artifactKey: Guid(279231e866686f64488f03bcb39ef632) Importer(2089858483,b0f066a214c2f5e87bad3c948f4d605d)
Start importing Assets/Scripts/UI/Scenes/obj/Debug/net10.0/SelectCategoryScene.GlobalUsings.g.cs using Guid(279231e866686f64488f03bcb39ef632) Importer(2089858483,b0f066a214c2f5e87bad3c948f4d605d) (ScriptedImporter) -> (artifact id: 'fbe4388e2418c54a2ff3bbe923225b2d') in 0.0076963 seconds
Number of updated asset objects reloaded before import = 0Number of asset objects unloaded after import = 0

========================================================================
Received Import Request.
  Time since last request: 0.000126 seconds.
  path: Assets/Scripts/UI/Effects/obj/Debug/net10.0/Revealing.GeneratedMSBuildEditorConfig.editorconfig
  artifactKey: Guid(cd4ab3c549c72c64babcc082f51572a5) Importer(2089858483,b0f066a214c2f5e87bad3c948f4d605d)
Start importing Assets/Scripts/UI/Effects/obj/Debug/net10.0/Revealing.GeneratedMSBuildEditorConfig.editorconfig using Guid(cd4ab3c549c72c64babcc082f51572a5) Importer(2089858483,b0f066a214c2f5e87bad3c948f4d605d) (ScriptedImporter) -> (artifact id: '5d7964e208d338888101531b35d2f9fd') in 0.0073566 seconds
Number of updated asset objects reloaded before import = 0Number of asset objects unloaded after import = 1

========================================================================
Received Import Request.
  Time since last request: 0.000046 seconds.
  path: Assets/Scripts/UI/Effects/obj/Debug/net10.0/MoveTo.GlobalUsings.g.cs
  artifactKey: Guid(177ae951be46a534d9a5271be38b69a1) Importer(2089858483,b0f066a214c2f5e87bad3c948f4d605d)
Start importing Assets/Scripts/UI/Effects/obj/Debug/net10.0/MoveTo.GlobalUsings.g.cs using Guid(177ae951be46a534d9a5271be38b69a1) Importer(2089858483,b0f066a214c2f5e87bad3c948f4d605d) (ScriptedImporter) -> (artifact id: 'd4de01e30b28bb1e680f89e32aec1259') in 0.008647 seconds
Number of updated asset objects reloaded before import = 0Number of asset objects unloaded after import = 0

========================================================================
Received Import Request.
  Time since last request: 0.000108 seconds.
  path: Assets/Scripts/UI/Effects/MoveTo.cs
  artifactKey: Guid(2186e336ef7c8154589544db1d9581d2) Importer(2089858483,b0f066a214c2f5e87bad3c948f4d605d)
Start importing Assets/Scripts/UI/Effects/MoveTo.cs using Guid(2186e336ef7c8154589544db1d9581d2) Importer(2089858483,b0f066a214c2f5e87bad3c948f4d605d) (ScriptedImporter) -> (artifact id: 'bb31462a559f6ffd7434ef963fa7947e') in 0.0088339 seconds
Number of updated asset objects reloaded before import = 0Number of asset objects unloaded after import = 0

========================================================================
Received Import Request.
  Time since last request: 0.000161 seconds.
  path: Assets/Scripts/UI/Effects/obj/Debug/net10.0/PrologueCameraGlance.GlobalUsings.g.cs
  artifactKey: Guid(4e33cc200d4a59140a2d4697d8131066) Importer(2089858483,b0f066a214c2f5e87bad3c948f4d605d)
Start importing Assets/Scripts/UI/Effects/obj/Debug/net10.0/PrologueCameraGlance.GlobalUsings.g.cs using Guid(4e33cc200d4a59140a2d4697d8131066) Importer(2089858483,b0f066a214c2f5e87bad3c948f4d605d) (ScriptedImporter) -> (artifact id: '8750afb8c94b1c79d42cf3dcebddf78a') in 0.0084448 seconds
Number of updated asset objects reloaded before import = 0Number of asset objects unloaded after import = 0

========================================================================
Received Import Request.
  Time since last request: 0.000073 seconds.
  path: Assets/Resources/images/stage_101_poem.png
  artifactKey: Guid(ab7b6c4862d23de40acd293614d1159e) Importer(2089858483,b0f066a214c2f5e87bad3c948f4d605d)
Start importing Assets/Resources/images/stage_101_poem.png using Guid(ab7b6c4862d23de40acd293614d1159e) Importer(2089858483,b0f066a214c2f5e87bad3c948f4d605d) (ScriptedImporter) -> (artifact id: '3c5ff3b03e5460bd2c30e9014f70866d') in 0.0260899 seconds
Number of updated asset objects reloaded before import = 0Number of asset objects unloaded after import = 1

========================================================================
Received Import Request.
  Time since last request: 0.000111 seconds.
  path: Assets/Resources/images/stage_107_pre.png
  artifactKey: Guid(6a4d9217fa194ba4999d12f7433df326) Importer(2089858483,b0f066a214c2f5e87bad3c948f4d605d)
Start importing Assets/Resources/images/stage_107_pre.png using Guid(6a4d9217fa194ba4999d12f7433df326) Importer(2089858483,b0f066a214c2f5e87bad3c948f4d605d) (ScriptedImporter) -> (artifact id: '193a452bd043da1c0844307371be019c') in 0.0211782 seconds
Number of updated asset objects reloaded before import = 0Number of asset objects unloaded after import = 1

Editor requested this worker to shutdown with reason: Scaling down because of idle timeout
AssetImportWorker is now disconnected from the server
Process exiting
Exiting without the bug reporter. Application will terminate with return code 0